Component: ARM Compiler 5.06 update 5 (build 528) Tool: armlink [4d35e2]

==============================================================================

Section Cross References

    main.o(i.main) refers to mallocr.o(i.__malloc$realloc) for malloc
    main.o(i.main) refers to systick.o(i.SysTick_Init) for SysTick_Init
    main.o(i.main) refers to misc.o(i.NVIC_PriorityGroupConfig) for NVIC_PriorityGroupConfig
    main.o(i.main) refers to led.o(i.LED_Init) for LED_Init
    main.o(i.main) refers to ws2812.o(i.RGB_LED_Init) for RGB_LED_Init
    main.o(i.main) refers to usart.o(i.USART1_Init) for USART1_Init
    main.o(i.main) refers to lsens.o(i.Lsens_Init) for Lsens_Init
    main.o(i.main) refers to tftlcd.o(i.TFTLCD_Init) for TFTLCD_Init
    main.o(i.main) refers to key.o(i.KEY_Init) for KEY_Init
    main.o(i.main) refers to beep.o(i.BEEP_Init) for BEEP_Init
    main.o(i.main) refers to adc_temp.o(i.ADC_Temp_Init) for ADC_Temp_Init
    main.o(i.main) refers to dht11.o(i.DHT11_Init) for DHT11_Init
    main.o(i.main) refers to pwm.o(i.TIM3_CH2_PWM_Init) for TIM3_CH2_PWM_Init
    main.o(i.main) refers to stm32f10x_tim.o(i.TIM_SetCompare2) for TIM_SetCompare2
    main.o(i.main) refers to exti.o(i.My_EXTI_Init) for My_EXTI_Init
    main.o(i.main) refers to systick.o(i.delay_ms) for delay_ms
    main.o(i.main) refers to wifi_config.o(i.WiFi_Config) for WiFi_Config
    main.o(i.main) refers to wifi_function.o(i.ESP8266_Choose) for ESP8266_Choose
    main.o(i.main) refers to wifi_function.o(i.ESP8266_Net_Mode_Choose) for ESP8266_Net_Mode_Choose
    main.o(i.main) refers to wifi_function.o(i.ESP8266_Cmd) for ESP8266_Cmd
    main.o(i.main) refers to printfa.o(i.__0printf) for __2printf
    main.o(i.main) refers to wifi_function.o(i.ESP8266_JoinAP) for ESP8266_JoinAP
    main.o(i.main) refers to weather.o(i.Get_Weather) for Get_Weather
    main.o(i.main) refers to weather.o(i.parse_weather_json) for parse_weather_json
    main.o(i.main) refers to tftlcd.o(i.LCD_ShowFontHZ) for LCD_ShowFontHZ
    main.o(i.main) refers to wifi_function.o(i.ESP8266_MQTT_UserConfig) for ESP8266_MQTT_UserConfig
    main.o(i.main) refers to wifi_function.o(i.ESP8266_MQTT_ClientIdSet) for ESP8266_MQTT_ClientIdSet
    main.o(i.main) refers to wifi_function.o(i.ESP8266_MQTT_Connect) for ESP8266_MQTT_Connect
    main.o(i.main) refers to ws2812.o(i.RGB_LED_Clear) for RGB_LED_Clear
    main.o(i.main) refers to strstr.o(.text) for strstr
    main.o(i.main) refers to ws2812.o(i.RGB_LED_Green) for RGB_LED_Green
    main.o(i.main) refers to strchr.o(.text) for strchr
    main.o(i.main) refers to tftlcd.o(i.LCD_ShowString) for LCD_ShowString
    main.o(i.main) refers to dht11.o(i.DHT11_Read_Data) for DHT11_Read_Data
    main.o(i.main) refers to tftlcd.o(i.LCD_ShowxNum) for LCD_ShowxNum
    main.o(i.main) refers to lsens.o(i.Lsens_Get_Val) for Lsens_Get_Val
    main.o(i.main) refers to wifi_config.o(.bss) for strEsp8266_Fram_Record
    main.o(i.main) refers to main.o(.conststring) for .conststring
    main.o(i.main) refers to tftlcd.o(.data) for tftlcd_data
    main.o(i.main) refers to weather.o(.data) for weather_info
    main.o(i.main) refers to main.o(.data) for humi
    main.o(i.main) refers to printfa.o(i.__0sprintf) for __2sprintf
    main.o(i.main) refers to ws2812.o(i.RGB_LED_Red) for RGB_LED_Red
    main.o(i.main) refers to wifi_function.o(i.ESP8266_Time) for ESP8266_Time
    startup_stm32f10x_hd.o(RESET) refers to startup_stm32f10x_hd.o(STACK) for __initial_sp
    startup_stm32f10x_hd.o(RESET) refers to startup_stm32f10x_hd.o(.text) for Reset_Handler
    startup_stm32f10x_hd.o(RESET) refers to stm32f10x_it.o(i.NMI_Handler) for NMI_Handler
    startup_stm32f10x_hd.o(RESET) refers to stm32f10x_it.o(i.HardFault_Handler) for HardFault_Handler
    startup_stm32f10x_hd.o(RESET) refers to stm32f10x_it.o(i.MemManage_Handler) for MemManage_Handler
    startup_stm32f10x_hd.o(RESET) refers to stm32f10x_it.o(i.BusFault_Handler) for BusFault_Handler
    startup_stm32f10x_hd.o(RESET) refers to stm32f10x_it.o(i.UsageFault_Handler) for UsageFault_Handler
    startup_stm32f10x_hd.o(RESET) refers to stm32f10x_it.o(i.SVC_Handler) for SVC_Handler
    startup_stm32f10x_hd.o(RESET) refers to stm32f10x_it.o(i.DebugMon_Handler) for DebugMon_Handler
    startup_stm32f10x_hd.o(RESET) refers to stm32f10x_it.o(i.PendSV_Handler) for PendSV_Handler
    startup_stm32f10x_hd.o(RESET) refers to stm32f10x_it.o(i.SysTick_Handler) for SysTick_Handler
    startup_stm32f10x_hd.o(RESET) refers to exti.o(i.EXTI0_IRQHandler) for EXTI0_IRQHandler
    startup_stm32f10x_hd.o(RESET) refers to exti.o(i.EXTI2_IRQHandler) for EXTI2_IRQHandler
    startup_stm32f10x_hd.o(RESET) refers to exti.o(i.EXTI3_IRQHandler) for EXTI3_IRQHandler
    startup_stm32f10x_hd.o(RESET) refers to exti.o(i.EXTI4_IRQHandler) for EXTI4_IRQHandler
    startup_stm32f10x_hd.o(RESET) refers to usart.o(i.USART1_IRQHandler) for USART1_IRQHandler
[...]

    ../clib/microlib/ctype/ctype.c           0x00000000   Number         0  iscntrl_o.o ABSOLUTE
    ../clib/microlib/ctype/ctype.c           0x00000000   Number         0  isspace_c.o ABSOLUTE
    ../clib/microlib/ctype/ctype.c           0x00000000   Number         0  isdigit_o.o ABSOLUTE
    ../clib/microlib/ctype/ctype.c           0x00000000   Number         0  isblank_o.o ABSOLUTE
    ../clib/microlib/ctype/ctype.c           0x00000000   Number         0  isalpha_o.o ABSOLUTE
    ../clib/microlib/ctype/ctype.c           0x00000000   Number         0  ctype_o.o ABSOLUTE
    ../clib/microlib/ctype/ctype.c           0x00000000   Number         0  ispunct_o.o ABSOLUTE
    ../clib/microlib/ctype/ctype.c           0x00000000   Number         0  ctype_c.o ABSOLUTE
    ../clib/microlib/ctype/ctype.c           0x00000000   Number         0  isprint_o.o ABSOLUTE
    ../clib/microlib/ctype/ctype.c           0x00000000   Number         0  isalnum_o.o ABSOLUTE
    ../clib/microlib/ctype/ctype.c           0x00000000   Number         0  islower_o.o ABSOLUTE
    ../clib/microlib/ctype/ctype.c           0x00000000   Number         0  isxdigit_o.o ABSOLUTE
    ../clib/microlib/ctype/ctype.c           0x00000000   Number         0  isgraph_o.o ABSOLUTE
    ../clib/microlib/ctype/ctype.c           0x00000000   Number         0  isupper_o.o ABSOLUTE
    ../clib/microlib/ctype/ctype.c           0x00000000   Number         0  isspace_o.o ABSOLUTE
    ../clib/microlib/ctype/tolower.c         0x00000000   Number         0  tolower.o ABSOLUTE
    ../clib/microlib/division.c              0x00000000   Number         0  uldiv.o ABSOLUTE
    ../clib/microlib/division.c              0x00000000   Number         0  uidiv.o ABSOLUTE
    ../clib/microlib/errno.c                 0x00000000   Number         0  errno.o ABSOLUTE
    ../clib/microlib/init/entry.s            0x00000000   Number         0  entry8b.o ABSOLUTE
    ../clib/microlib/init/entry.s            0x00000000   Number         0  entry7a.o ABSOLUTE
    ../clib/microlib/init/entry.s            0x00000000   Number         0  entry10b.o ABSOLUTE
    ../clib/microlib/init/entry.s            0x00000000   Number         0  entry7b.o ABSOLUTE
    ../clib/microlib/init/entry.s            0x00000000   Number         0  entry8a.o ABSOLUTE
    ../clib/microlib/init/entry.s            0x00000000   Number         0  entry11b.o ABSOLUTE
    ../clib/microlib/init/entry.s            0x00000000   Number         0  entry.o ABSOLUTE
    ../clib/microlib/init/entry.s            0x00000000   Number         0  entry10a.o ABSOLUTE
    ../clib/microlib/init/entry.s            0x00000000   Number         0  entry9b.o ABSOLUTE
    ../clib/microlib/init/entry.s            0x00000000   Number         0  entry11a.o ABSOLUTE
    ../clib/microlib/init/entry.s            0x00000000   Number         0  entry9a.o ABSOLUTE
    ../clib/microlib/init/entry.s            0x00000000   Number         0  entry5.o ABSOLUTE
    ../clib/microlib/init/entry.s            0x00000000   Number         0  entry2.o ABSOLUTE
    ../clib/microlib/longlong.c              0x00000000   Number         0  llsshr.o ABSOLUTE
    ../clib/microlib/longlong.c              0x00000000   Number         0  llshl.o ABSOLUTE
    ../clib/microlib/longlong.c              0x00000000   Number         0  llushr.o ABSOLUTE
    ../clib/microlib/malloc/malloc.c         0x00000000   Number         0  mallocr.o ABSOLUTE
    ../clib/microlib/malloc/malloc.c         0x00000000   Number         0  malloc.o ABSOLUTE
    ../clib/microlib/malloc/malloc.c         0x00000000   Number         0  malloca.o ABSOLUTE
    ../clib/microlib/malloc/malloc.c         0x00000000   Number         0  mallocra.o ABSOLUTE
    ../clib/microlib/malloc/mvars.c          0x00000000   Number         0  mvars.o ABSOLUTE
    ../clib/microlib/printf/printf.c         0x00000000   Number         0  printfb.o ABSOLUTE
    ../clib/microlib/printf/printf.c         0x00000000   Number         0  printf0.o ABSOLUTE
    ../clib/microlib/printf/printf.c         0x00000000   Number         0  printf6.o ABSOLUTE
    ../clib/microlib/printf/printf.c         0x00000000   Number         0  printf8.o ABSOLUTE
    ../clib/microlib/printf/printf.c         0x00000000   Number         0  printf7.o ABSOLUTE
    ../clib/microlib/printf/printf.c         0x00000000   Number         0  printfa.o ABSOLUTE
    ../clib/microlib/printf/printf.c         0x00000000   Number         0  printf4.o ABSOLUTE
    ../clib/microlib/printf/printf.c         0x00000000   Number         0  printf3.o ABSOLUTE
    ../clib/microlib/printf/printf.c         0x00000000   Number         0  printf2.o ABSOLUTE
    ../clib/microlib/printf/printf.c         0x00000000   Number         0  printf5.o ABSOLUTE
    ../clib/microlib/printf/printf.c         0x00000000   Number         0  printf1.o ABSOLUTE
    ../clib/microlib/printf/stubs.s          0x00000000   Number         0  stubs.o ABSOLUTE
    ../clib/microlib/stdio/fgetc.c           0x00000000   Number         0  fgetc_ub.o ABSOLUTE
    ../clib/microlib/stdio/fgetc.c           0x00000000   Number         0  fgetc_b.o ABSOLUTE
    ../clib/microlib/stdio/fgetc.c           0x00000000   Number         0  fgetc_u.o ABSOLUTE
    ../clib/microlib/stdio/fgetc.c           0x00000000   Number         0  fgetc.o ABSOLUTE
    ../clib/microlib/stdio/semi.s            0x00000000   Number         0  semi.o ABSOLUTE
    ../clib/microlib/stdio/streams.c         0x00000000   Number         0  stdin.o ABSOLUTE
    ../clib/microlib/stdio/streams.c         0x00000000   Number         0  stdout.o ABSOLUTE
    ../clib/microlib/string/memcpy.c         0x00000000   Number         0  memcpya.o ABSOLUTE
    ../clib/microlib/string/memcpy.c         0x00000000   Number         0  memcpyb.o ABSOLUTE
    ../clib/microlib/string/memset.c         0x00000000   Number         0  memseta.o ABSOLUTE
    ../clib/microlib/string/strchr.c         0x00000000   Number         0  strchr.o ABSOLUTE
    ../clib/microlib/string/strcmp.c         0x00000000   Number         0  strcmp.o ABSOLUTE
    ../clib/microlib/string/strcpy.c         0x00000000   Number         0  strcpy.o ABSOLUTE
    ../clib/microlib/string/strlen.c         0x00000000   Number         0  strlen.o ABSOLUTE
    ../clib/microlib/string/strncmp.c        0x00000000   Number         0  strncmp.o ABSOLUTE
    ../clib/microlib/string/strncpy.c        0x00000000   Number         0  strncpy.o ABSOLUTE
    ../clib/microlib/string/strstr.c         0x00000000   Number         0  strstr.o ABSOLUTE
    ../clib/microlib/string/strtok.c         0x00000000   Number         0  strtok.o ABSOLUTE
    ../clib/microlib/string/strtok.c         0x00000000   Number         0  strtok_r.o ABSOLUTE
    ../clib/microlib/stubs.s                 0x00000000   Number         0  iusesemig.o ABSOLUTE
    ../clib/microlib/stubs.s                 0x00000000   Number         0  iusefp.o ABSOLUTE
    ../clib/scanf.c                          0x00000000   Number         0  _chval.o ABSOLUTE
    ../clib/scanf.c                          0x00000000   Number         0  __0scanf.o ABSOLUTE
    ../clib/scanf.c                          0x00000000   Number         0  atoi.o ABSOLUTE
    ../clib/scanf.c                          0x00000000   Number         0  _sgetc.o ABSOLUTE
    ../clib/scanf.c                          0x00000000   Number         0  strtod.o ABSOLUTE
    ../clib/scanf.c                          0x00000000   Number         0  strtol.o ABSOLUTE
    ../clib/scanf.c                          0x00000000   Number         0  scanf_fp.o ABSOLUTE
    ../clib/scanf.c                          0x00000000   Number         0  scanf_char_file.o ABSOLUTE
    ../clib/scanf.c                          0x00000000   Number         0  scanf_char.o ABSOLUTE
    ../clib/scanf.c                          0x00000000   Number         0  _scanf.o ABSOLUTE
    ../clib/scanf.c                          0x00000000   Number         0  _scanf_str.o ABSOLUTE
    ../clib/scanf.c                          0x00000000   Number         0  _strtoul.o ABSOLUTE
    ../clib/scanf.c                          0x00000000   Number         0  _scanf_int.o ABSOLUTE
    ../clib/scanf.c                          0x00000000   Number         0  __0sscanf.o ABSOLUTE
    ../fplib/microlib/d2f.c                  0x00000000   Number         0  d2f.o ABSOLUTE
    ../fplib/microlib/f2d.c                  0x00000000   Number         0  f2d.o ABSOLUTE
    ../fplib/microlib/fpadd.c                0x00000000   Number         0  dadd.o ABSOLUTE
    ../fplib/microlib/fpdiv.c                0x00000000   Number         0  ddiv.o ABSOLUTE
    ../fplib/microlib/fpepilogue.c           0x00000000   Number         0  depilogue.o ABSOLUTE
    ../fplib/microlib/fpepilogue.c           0x00000000   Number         0  fepilogue.o ABSOLUTE
    ../fplib/microlib/fpfix.c                0x00000000   Number         0  dfixi.o ABSOLUTE
    ../fplib/microlib/fpfix.c                0x00000000   Number         0  dfixul.o ABSOLUTE
    ../fplib/microlib/fpfix.c                0x00000000   Number         0  dfixui.o ABSOLUTE
    ../fplib/microlib/fpflt.c                0x00000000   Number         0  ffltui.o ABSOLUTE
    ../fplib/microlib/fpflt.c                0x00000000   Number         0  dflti.o ABSOLUTE
    ../fplib/microlib/fpflt.c                0x00000000   Number         0  dfltui.o ABSOLUTE
    ../fplib/microlib/fpflt.c                0x00000000   Number         0  dfltul.o ABSOLUTE
    ../fplib/microlib/fpmul.c                0x00000000   Number         0  dmul.o ABSOLUTE
    ../mathlib/strtod.c                      0x00000000   Number         0  strtod.o ABSOLUTE
    APP\DHT11\dht11.c                        0x00000000   Number         0  dht11.o ABSOLUTE
    APP\adc_temp\adc_temp.c                  0x00000000   Number         0  adc_temp.o ABSOLUTE
    APP\beep\beep.c                          0x00000000   Number         0  beep.o ABSOLUTE
    APP\esp8266\wifi_config.c                0x00000000   Number         0  wifi_config.o ABSOLUTE
    APP\esp8266\wifi_function.c              0x00000000   Number         0  wifi_function.o ABSOLUTE
    APP\exti\exti.c                          0x00000000   Number         0  exti.o ABSOLUTE
    APP\key\key.c                            0x00000000   Number         0  key.o ABSOLUTE
    APP\led\led.c                            0x00000000   Number         0  led.o ABSOLUTE
    APP\lsens\lsens.c                        0x00000000   Number         0  lsens.o ABSOLUTE
    APP\pwm\pwm.c                            0x00000000   Number         0  pwm.o ABSOLUTE
    APP\tftlcd\tftlcd.c                      0x00000000   Number         0  tftlcd.o ABSOLUTE
    APP\ws2812\ws2812.c                      0x00000000   Number         0  ws2812.o ABSOLUTE
    Libraries\CMSIS\core_cm3.c               0x00000000   Number         0  core_cm3.o ABSOLUTE
    Libraries\CMSIS\startup_stm32f10x_hd.s   0x00000000   Number         0  startup_stm32f10x_hd.o ABSOLUTE
    Libraries\CMSIS\system_stm32f10x.c       0x00000000   Number         0  system_stm32f10x.o ABSOLUTE
    Libraries\STM32F10x_StdPeriph_Driver\src\misc.c 0x00000000   Number         0  misc.o ABSOLUTE
    Libraries\STM32F10x_StdPeriph_Driver\src\stm32f10x_adc.c 0x00000000   Number         0  stm32f10x_adc.o ABSOLUTE
    Libraries\STM32F10x_StdPeriph_Driver\src\stm32f10x_bkp.c 0x00000000   Number         0  stm32f10x_bkp.o ABSOLUTE
    Libraries\STM32F10x_StdPeriph_Driver\src\stm32f10x_exti.c 0x00000000   Number         0  stm32f10x_exti.o ABSOLUTE
    Libraries\STM32F10x_StdPeriph_Driver\src\stm32f10x_fsmc.c 0x00000000   Number         0  stm32f10x_fsmc.o ABSOLUTE
    Libraries\STM32F10x_StdPeriph_Driver\src\stm32f10x_gpio.c 0x00000000   Number         0  stm32f10x_gpio.o ABSOLUTE
    Libraries\STM32F10x_StdPeriph_Driver\src\stm32f10x_iwdg.c 0x00000000   Number         0  stm32f10x_iwdg.o ABSOLUTE
    Libraries\STM32F10x_StdPeriph_Driver\src\stm32f10x_pwr.c 0x00000000   Number         0  stm32f10x_pwr.o ABSOLUTE
    Libraries\STM32F10x_StdPeriph_Driver\src\stm32f10x_rcc.c 0x00000000   Number         0  stm32f10x_rcc.o ABSOLUTE
    Libraries\STM32F10x_StdPeriph_Driver\src\stm32f10x_tim.c 0x00000000   Number         0  stm32f10x_tim.o ABSOLUTE
    Libraries\STM32F10x_StdPeriph_Driver\src\stm32f10x_usart.c 0x00000000   Number         0  stm32f10x_usart.o ABSOLUTE
    Libraries\STM32F10x_StdPeriph_Driver\src\stm32f10x_wwdg.c 0x00000000   Number         0  stm32f10x_wwdg.o ABSOLUTE
    Libraries\\CMSIS\\core_cm3.c             0x00000000   Number         0  core_cm3.o ABSOLUTE
    Public\SysTick.c                         0x00000000   Number         0  systick.o ABSOLUTE
    Public\aliyun.c                          0x00000000   Number         0  aliyun.o ABSOLUTE
    Public\cJSON.c                           0x00000000   Number         0  cjson.o ABSOLUTE
    Public\system.c                          0x00000000   Number         0  system.o ABSOLUTE
    Public\time.c                            0x00000000   Number         0  time.o ABSOLUTE
    Public\usart.c                           0x00000000   Number         0  usart.o ABSOLUTE
    Public\weather.c                         0x00000000   Number         0  weather.o ABSOLUTE
    User\main.c                              0x00000000   Number         0  main.o ABSOLUTE
    User\stm32f10x_it.c                      0x00000000   Number         0  stm32f10x_it.o ABSOLUTE
    cdcmple.s                                0x00000000   Number         0  cdcmple.o ABSOLUTE
    cdrcmple.s                               0x00000000   Number         0  cdrcmple.o ABSOLUTE
    dc.s                                     0x00000000   Number         0  dc.o ABSOLUTE
    handlers.s                               0x00000000   Number         0  handlers.o ABSOLUTE
    init.s                                   0x00000000   Number         0  init.o ABSOLUTE
    RESET                                    0x08000000   Section      304  startup_stm32f10x_hd.o(RESET)
    .ARM.Collect$$$$00000000                 0x08000130   Section        0  entry.o(.ARM.Collect$$$$00000000)
    .ARM.Collect$$$$00000001                 0x08000130   Section        4  entry2.o(.ARM.Collect$$$$00000001)
    .ARM.Collect$$$$00000004                 0x08000134   Section        4  entry5.o(.ARM.Collect$$$$00000004)
    .ARM.Collect$$$$00000008                 0x08000138   Section        0  entry7b.o(.ARM.Collect$$$$00000008)
    .ARM.Collect$$$$0000000A                 0x08000138   Section        0  entry8b.o(.ARM.Collect$$$$0000000A)
    .ARM.Collect$$$$0000000B                 0x08000138   Section        8  entry9a.o(.ARM.Collect$$$$0000000B)
    .ARM.Collect$$$$0000000D                 0x08000140   Section        0  entry10a.o(.ARM.Collect$$$$0000000D)
    .ARM.Collect$$$$0000000F                 0x08000140   Section        0  entry11a.o(.ARM.Collect$$$$0000000F)
    .ARM.Collect$$$$00002712                 0x08000140   Section        4  entry2.o(.ARM.Collect$$$$00002712)
    __lit__00000000                          0x08000140   Data           4  entry2.o(.ARM.Collect$$$$00002712)
    .text                                    0x08000144   Section       36  startup_stm32f10x_hd.o(.text)
    .text                                    0x08000168   Section        0  memcpya.o(.text)
    .text                                    0x0800018c   Section        0  memseta.o(.text)
    .text                                    0x080001b0   Section        0  strstr.o(.text)
    .text                                    0x080001d4   Section        0  strncpy.o(.text)
    .text                                    0x080001ec   Section        0  strchr.o(.text)
    .text                                    0x08000200   Section        0  strlen.o(.text)
    .text                                    0x0800020e   Section        0  dadd.o(.text)
    .text                                    0x0800035c   Section        0  dmul.o(.text)
    .text                                    0x08000440   Section        0  ddiv.o(.text)
    .text                                    0x08000520   Section       48  cdrcmple.o(.text)
    .text                                    0x08000550   Section        0  uidiv.o(.text)
    .text                                    0x0800057c   Section        0  uldiv.o(.text)
    .text                                    0x080005de   Section        0  llshl.o(.text)
    .text                                    0x080005fc   Section        0  llushr.o(.text)
    .text                                    0x0800061c   Section        0  llsshr.o(.text)
    .text                                    0x08000640   Section        0  iusefp.o(.text)
    .text                                    0x08000640   Section        0  depilogue.o(.text)
    .text                                    0x080006fa   Section        0  dfixul.o(.text)
    .text                                    0x0800072c   Section       36  init.o(.text)
    i.ADC_Cmd                                0x08000750   Section        0  stm32f10x_adc.o(i.ADC_Cmd)
    i.ADC_DeInit                             0x08000768   Section        0  stm32f10x_adc.o(i.ADC_DeInit)
    i.ADC_GetCalibrationStatus               0x080007c4   Section        0  stm32f10x_adc.o(i.ADC_GetCalibrationStatus)
    i.ADC_GetConversionValue                 0x080007d8   Section        0  stm32f10x_adc.o(i.ADC_GetConversionValue)
    i.ADC_GetFlagStatus                      0x080007e0   Section        0  stm32f10x_adc.o(i.ADC_GetFlagStatus)
    i.ADC_GetResetCalibrationStatus          0x080007f2   Section        0  stm32f10x_adc.o(i.ADC_GetResetCalibrationStatus)
    i.ADC_Init                               0x08000808   Section        0  stm32f10x_adc.o(i.ADC_Init)
    i.ADC_RegularChannelConfig               0x08000858   Section        0  stm32f10x_adc.o(i.ADC_RegularChannelConfig)
    i.ADC_ResetCalibration                   0x08000910   Section        0  stm32f10x_adc.o(i.ADC_ResetCalibration)
    i.ADC_SoftwareStartConvCmd               0x0800091a   Section        0  stm32f10x_adc.o(i.ADC_SoftwareStartConvCmd)
    i.ADC_StartCalibration                   0x08000930   Section        0  stm32f10x_adc.o(i.ADC_StartCalibration)
    i.ADC_TempSensorVrefintCmd               0x0800093c   Section        0  stm32f10x_adc.o(i.ADC_TempSensorVrefintCmd)
    i.ADC_Temp_Init                          0x08000960   Section        0  adc_temp.o(i.ADC_Temp_Init)
    i.BEEP_Init                              0x080009dc   Section        0  beep.o(i.BEEP_Init)
    i.BusFault_Handler                       0x08000a14   Section        0  stm32f10x_it.o(i.BusFault_Handler)
    i.DHT11_Check                            0x08000a18   Section        0  dht11.o(i.DHT11_Check)
    i.DHT11_Init                             0x08000a7c   Section        0  dht11.o(i.DHT11_Init)
    i.DHT11_Read_Bit                         0x08000abc   Section        0  dht11.o(i.DHT11_Read_Bit)
    i.DHT11_Read_Byte                        0x08000b08   Section        0  dht11.o(i.DHT11_Read_Byte)
    i.DHT11_Read_Data                        0x08000b26   Section        0  dht11.o(i.DHT11_Read_Data)
    i.DHT11_Rst                              0x08000b80   Section        0  dht11.o(i.DHT11_Rst)
    i.DebugMon_Handler                       0x08000bc0   Section        0  stm32f10x_it.o(i.DebugMon_Handler)
    i.ESP8266_Choose                         0x08000bc4   Section        0  wifi_function.o(i.ESP8266_Choose)
    i.ESP8266_Cmd                            0x08000be4   Section        0  wifi_function.o(i.ESP8266_Cmd)
    i.ESP8266_JoinAP                         0x08000c9c   Section        0  wifi_function.o(i.ESP8266_JoinAP)
    i.ESP8266_MQTT_ClientIdSet               0x08000cdc   Section        0  wifi_function.o(i.ESP8266_MQTT_ClientIdSet)
    i.ESP8266_MQTT_Connect                   0x08000d1c   Section        0  wifi_function.o(i.ESP8266_MQTT_Connect)
    i.ESP8266_MQTT_UserConfig                0x08000d60   Section        0  wifi_function.o(i.ESP8266_MQTT_UserConfig)
    i.ESP8266_Net_Mode_Choose                0x08000df8   Section        0  wifi_function.o(i.ESP8266_Net_Mode_Choose)
    i.ESP8266_Time                           0x08000e70   Section        0  wifi_function.o(i.ESP8266_Time)
    i.EXTI0_IRQHandler                       0x08000ecc   Section        0  exti.o(i.EXTI0_IRQHandler)
    i.EXTI2_IRQHandler                       0x08000ee8   Section        0  exti.o(i.EXTI2_IRQHandler)
    i.EXTI3_IRQHandler                       0x08000f34   Section        0  exti.o(i.EXTI3_IRQHandler)
    i.EXTI4_IRQHandler                       0x08000f44   Section        0  exti.o(i.EXTI4_IRQHandler)
    i.EXTI_ClearITPendingBit                 0x08000f6c   Section        0  stm32f10x_exti.o(i.EXTI_ClearITPendingBit)
    i.EXTI_GetITStatus                       0x08000f78   Section        0  stm32f10x_exti.o(i.EXTI_GetITStatus)
    i.EXTI_Init                              0x08000fa0   Section        0  stm32f10x_exti.o(i.EXTI_Init)
    i.FSMC_NORSRAMCmd                        0x08001034   Section        0  stm32f10x_fsmc.o(i.FSMC_NORSRAMCmd)
    i.FSMC_NORSRAMInit                       0x08001068   Section        0  stm32f10x_fsmc.o(i.FSMC_NORSRAMInit)
    i.GPIO_EXTILineConfig                    0x08001150   Section        0  stm32f10x_gpio.o(i.GPIO_EXTILineConfig)
    i.GPIO_Init                              0x08001190   Section        0  stm32f10x_gpio.o(i.GPIO_Init)
    i.GPIO_PinRemapConfig                    0x080012a8   Section        0  stm32f10x_gpio.o(i.GPIO_PinRemapConfig)
    i.GPIO_ResetBits                         0x08001338   Section        0  stm32f10x_gpio.o(i.GPIO_ResetBits)
    i.GPIO_SetBits                           0x0800133c   Section        0  stm32f10x_gpio.o(i.GPIO_SetBits)
    i.Get_ADC3                               0x08001340   Section        0  lsens.o(i.Get_ADC3)
    i.Get_Weather                            0x08001374   Section        0  weather.o(i.Get_Weather)
    i.HardFault_Handler                      0x08001670   Section        0  stm32f10x_it.o(i.HardFault_Handler)
    i.KEY_Init                               0x08001674   Section        0  key.o(i.KEY_Init)
    i.LCD_Clear                              0x080016b0   Section        0  tftlcd.o(i.LCD_Clear)
    i.LCD_Display_Dir                        0x080016f8   Section        0  tftlcd.o(i.LCD_Display_Dir)
    i.LCD_DrawFRONT_COLOR                    0x08001740   Section        0  tftlcd.o(i.LCD_DrawFRONT_COLOR)
    i.LCD_Pow                                0x0800175c   Section        0  tftlcd.o(i.LCD_Pow)
    i.LCD_ReadData                           0x08001774   Section        0  tftlcd.o(i.LCD_ReadData)
    i.LCD_Set_Window                         0x08001780   Section        0  tftlcd.o(i.LCD_Set_Window)
    i.LCD_ShowChar                           0x080017cc   Section        0  tftlcd.o(i.LCD_ShowChar)
    i.LCD_ShowFontHZ                         0x080018f4   Section        0  tftlcd.o(i.LCD_ShowFontHZ)
    i.LCD_ShowString                         0x080019dc   Section        0  tftlcd.o(i.LCD_ShowString)
    i.LCD_ShowxNum                           0x08001a42   Section        0  tftlcd.o(i.LCD_ShowxNum)
    i.LCD_WriteCmd                           0x08001b00   Section        0  tftlcd.o(i.LCD_WriteCmd)
    i.LCD_WriteData                          0x08001b0c   Section        0  tftlcd.o(i.LCD_WriteData)
    i.LCD_WriteData_Color                    0x08001b18   Section        0  tftlcd.o(i.LCD_WriteData_Color)
    i.LED_Init                               0x08001b28   Section        0  led.o(i.LED_Init)
    i.Lsens_Get_Val                          0x08001b74   Section        0  lsens.o(i.Lsens_Get_Val)
    i.Lsens_Init                             0x08001bb0   Section        0  lsens.o(i.Lsens_Init)
    i.MemManage_Handler                      0x08001c50   Section        0  stm32f10x_it.o(i.MemManage_Handler)
    i.My_EXTI_Init                           0x08001c54   Section        0  exti.o(i.My_EXTI_Init)
    i.NMI_Handler                            0x08001d2a   Section        0  stm32f10x_it.o(i.NMI_Handler)
    i.NVIC_Init                              0x08001d2c   Section        0  misc.o(i.NVIC_Init)
    i.NVIC_PriorityGroupConfig               0x08001d9c   Section        0  misc.o(i.NVIC_PriorityGroupConfig)
    i.PendSV_Handler                         0x08001db0   Section        0  stm32f10x_it.o(i.PendSV_Handler)
    i.RCC_ADCCLKConfig                       0x08001db4   Section        0  stm32f10x_rcc.o(i.RCC_ADCCLKConfig)
    i.RCC_AHBPeriphClockCmd                  0x08001dcc   Section        0  stm32f10x_rcc.o(i.RCC_AHBPeriphClockCmd)
    i.RCC_APB1PeriphClockCmd                 0x08001dec   Section        0  stm32f10x_rcc.o(i.RCC_APB1PeriphClockCmd)
    i.RCC_APB2PeriphClockCmd                 0x08001e0c   Section        0  stm32f10x_rcc.o(i.RCC_APB2PeriphClockCmd)
    i.RCC_APB2PeriphResetCmd                 0x08001e2c   Section        0  stm32f10x_rcc.o(i.RCC_APB2PeriphResetCmd)
    i.RCC_GetClocksFreq                      0x08001e4c   Section        0  stm32f10x_rcc.o(i.RCC_GetClocksFreq)
    i.RGB_LED_Clear                          0x08001f20   Section        0  ws2812.o(i.RGB_LED_Clear)
    i.RGB_LED_Green                          0x08001f44   Section        0  ws2812.o(i.RGB_LED_Green)
    i.RGB_LED_Init                           0x08001f60   Section        0  ws2812.o(i.RGB_LED_Init)
    i.RGB_LED_Red                            0x08001f98   Section        0  ws2812.o(i.RGB_LED_Red)
    i.RGB_LED_Reset                          0x08001fb4   Section        0  ws2812.o(i.RGB_LED_Reset)
    i.RGB_LED_Write0                         0x08001fcc   Section        0  ws2812.o(i.RGB_LED_Write0)
    i.RGB_LED_Write1                         0x0800203c   Section        0  ws2812.o(i.RGB_LED_Write1)
    i.RGB_LED_Write_24Bits                   0x080020ac   Section        0  ws2812.o(i.RGB_LED_Write_24Bits)
    i.RGB_LED_Write_Byte                     0x080020c8   Section        0  ws2812.o(i.RGB_LED_Write_Byte)
    i.SVC_Handler                            0x080020ee   Section        0  stm32f10x_it.o(i.SVC_Handler)
    i.SetSysClock                            0x080020f0   Section        0  system_stm32f10x.o(i.SetSysClock)
    SetSysClock                              0x080020f1   Thumb Code     8  system_stm32f10x.o(i.SetSysClock)
    i.SetSysClockTo72                        0x080020f8   Section        0  system_stm32f10x.o(i.SetSysClockTo72)
    SetSysClockTo72                          0x080020f9   Thumb Code   214  system_stm32f10x.o(i.SetSysClockTo72)
    i.SysTick_CLKSourceConfig                0x080021d8   Section        0  misc.o(i.SysTick_CLKSourceConfig)
    i.SysTick_Handler                        0x08002200   Section        0  stm32f10x_it.o(i.SysTick_Handler)
    i.SysTick_Init                           0x08002204   Section        0  systick.o(i.SysTick_Init)
    i.SystemInit                             0x08002240   Section        0  system_stm32f10x.o(i.SystemInit)
    i.TFTLCD_FSMC_Init                       0x080022a0   Section        0  tftlcd.o(i.TFTLCD_FSMC_Init)
    i.TFTLCD_GPIO_Init                       0x08002320   Section        0  tftlcd.o(i.TFTLCD_GPIO_Init)
    i.TFTLCD_Init                            0x080023b8   Section        0  tftlcd.o(i.TFTLCD_Init)
    i.TIM3_CH2_PWM_Init                      0x0800260c   Section        0  pwm.o(i.TIM3_CH2_PWM_Init)
    i.TIM_ARRPreloadConfig                   0x080026ac   Section        0  stm32f10x_tim.o(i.TIM_ARRPreloadConfig)
    i.TIM_Cmd                                0x080026c4   Section        0  stm32f10x_tim.o(i.TIM_Cmd)
    i.TIM_OC2Init                            0x080026dc   Section        0  stm32f10x_tim.o(i.TIM_OC2Init)
    i.TIM_OC2PreloadConfig                   0x08002780   Section        0  stm32f10x_tim.o(i.TIM_OC2PreloadConfig)
    i.TIM_SetCompare2                        0x0800279a   Section        0  stm32f10x_tim.o(i.TIM_SetCompare2)
    i.TIM_TimeBaseInit                       0x080027a0   Section        0  stm32f10x_tim.o(i.TIM_TimeBaseInit)
    i.USART1_IRQHandler                      0x08002844   Section        0  usart.o(i.USART1_IRQHandler)
    i.USART1_Init                            0x080028cc   Section        0  usart.o(i.USART1_Init)
    i.USART3_IRQHandler                      0x0800297c   Section        0  wifi_config.o(i.USART3_IRQHandler)
    i.USART3_printf                          0x080029f8   Section        0  wifi_config.o(i.USART3_printf)
    i.USART_ClearFlag                        0x08002afe   Section        0  stm32f10x_usart.o(i.USART_ClearFlag)
    i.USART_Cmd                              0x08002b10   Section        0  stm32f10x_usart.o(i.USART_Cmd)
    i.USART_GetFlagStatus                    0x08002b28   Section        0  stm32f10x_usart.o(i.USART_GetFlagStatus)
    i.USART_GetITStatus                      0x08002b42   Section        0  stm32f10x_usart.o(i.USART_GetITStatus)
    i.USART_ITConfig                         0x08002b96   Section        0  stm32f10x_usart.o(i.USART_ITConfig)
    i.USART_Init                             0x08002be0   Section        0  stm32f10x_usart.o(i.USART_Init)
    i.USART_ReceiveData                      0x08002cb8   Section        0  stm32f10x_usart.o(i.USART_ReceiveData)
    i.USART_SendData                         0x08002cc2   Section        0  stm32f10x_usart.o(i.USART_SendData)
    i.UsageFault_Handler                     0x08002cca   Section        0  stm32f10x_it.o(i.UsageFault_Handler)
    i.WiFi_Config                            0x08002cd0   Section        0  wifi_config.o(i.WiFi_Config)
    i.__0printf                              0x08002dd4   Section        0  printfa.o(i.__0printf)
    i.__0snprintf                            0x08002df4   Section        0  printfa.o(i.__0snprintf)
    i.__0sprintf                             0x08002e24   Section        0  printfa.o(i.__0sprintf)
    i.__malloc$realloc                       0x08002e4c   Section        0  mallocr.o(i.__malloc$realloc)
    i.__scatterload_copy                     0x08002e9c   Section       14  handlers.o(i.__scatterload_copy)
    i.__scatterload_null                     0x08002eaa   Section        2  handlers.o(i.__scatterload_null)
    i.__scatterload_zeroinit                 0x08002eac   Section       14  handlers.o(i.__scatterload_zeroinit)
    i._fp_digits                             0x08002ebc   Section        0  printfa.o(i._fp_digits)
    _fp_digits                               0x08002ebd   Thumb Code   366  printfa.o(i._fp_digits)
    i._printf_core                           0x08003040   Section        0  printfa.o(i._printf_core)
    _printf_core                             0x08003041   Thumb Code  1744  printfa.o(i._printf_core)
    i._printf_post_padding                   0x0800371c   Section        0  printfa.o(i._printf_post_padding)
    _printf_post_padding                     0x0800371d   Thumb Code    36  printfa.o(i._printf_post_padding)
    i._printf_pre_padding                    0x08003740   Section        0  printfa.o(i._printf_pre_padding)
    _printf_pre_padding                      0x08003741   Thumb Code    46  printfa.o(i._printf_pre_padding)
    i._snputc                                0x0800376e   Section        0  printfa.o(i._snputc)
    _snputc                                  0x0800376f   Thumb Code    22  printfa.o(i._snputc)
    i._sputc                                 0x08003784   Section        0  printfa.o(i._sputc)
    _sputc                                   0x08003785   Thumb Code    10  printfa.o(i._sputc)
    i.delay_ms                               0x08003790   Section        0  systick.o(i.delay_ms)
    i.delay_us                               0x080037dc   Section        0  systick.o(i.delay_us)
    i.fputc                                  0x08003828   Section        0  usart.o(i.fputc)
    i.internal_alloc                         0x0800384c   Section        0  mallocr.o(i.internal_alloc)
    internal_alloc                           0x0800384d   Thumb Code    76  mallocr.o(i.internal_alloc)
    i.itoa                                   0x0800389c   Section        0  wifi_config.o(i.itoa)
    itoa                                     0x0800389d   Thumb Code    98  wifi_config.o(i.itoa)
    i.main                                   0x08003900   Section        0  main.o(i.main)
    i.parse_weather_json                     0x080047f0   Section        0  weather.o(i.parse_weather_json)
    .constdata                               0x08004b48   Section    23078  tftlcd.o(.constdata)
    .conststring                             0x0800a570   Section      382  main.o(.conststring)
    .conststring                             0x0800a6f0   Section      139  weather.o(.conststring)
    .data                                    0x20000000   Section       40  main.o(.data)
    .data                                    0x20000028   Section       20  stm32f10x_rcc.o(.data)
    APBAHBPrescTable                         0x20000028   Data          16  stm32f10x_rcc.o(.data)
    ADCPrescTable                            0x20000038   Data           4  stm32f10x_rcc.o(.data)
    .data                                    0x2000003c   Section       12  tftlcd.o(.data)
    .data                                    0x20000048   Section        4  systick.o(.data)
    fac_us                                   0x20000048   Data           1  systick.o(.data)
    fac_ms                                   0x2000004a   Data           2  systick.o(.data)
    .data                                    0x2000004c   Section        2  usart.o(.data)
    .data                                    0x2000004e   Section       24  weather.o(.data)
    .data                                    0x20000068   Section        4  stdout.o(.data)
    .data                                    0x2000006c   Section        4  mvars.o(.data)
    .data                                    0x20000070   Section        4  mvars.o(.data)
    .bss                                     0x20000074   Section      200  usart.o(.bss)
    .bss                                     0x2000013c   Section     1026  wifi_config.o(.bss)
    HEAP                                     0x20000540   Section    16384  startup_stm32f10x_hd.o(HEAP)
    STACK                                    0x20004540   Section    32768  startup_stm32f10x_hd.o(STACK)

    Global Symbols

    Symbol Name                              Value     Ov Type        Size  Object(Section)

    BuildAttributes$$THM_ISAv4$P$D$K$B$S$PE$A:L22UL41UL21$X:L11$S22US41US21$IEEE1$IW$USESV6$~STKCKD$USESV7$~SHL$OTIME$ROPI$IEEEJ$EBA8$MICROLIB$REQ8$PRES8$EABIv2 0x00000000   Number         0  anon$$obj.o ABSOLUTE
    __ARM_use_no_argv                        0x00000000   Number         0  main.o ABSOLUTE
    _printf_a                                0x00000000   Number         0  stubs.o ABSOLUTE
    _printf_c                                0x00000000   Number         0  stubs.o ABSOLUTE
    _printf_charcount                        0x00000000   Number         0  stubs.o ABSOLUTE
    _printf_d                                0x00000000   Number         0  stubs.o ABSOLUTE
    _printf_e                                0x00000000   Number         0  stubs.o ABSOLUTE
    _printf_f                                0x00000000   Number         0  stubs.o ABSOLUTE
    _printf_flags                            0x00000000   Number         0  stubs.o ABSOLUTE
    _printf_fp_dec                           0x00000000   Number         0  stubs.o ABSOLUTE
    _printf_fp_hex                           0x00000000   Number         0  stubs.o ABSOLUTE
    _printf_g                                0x00000000   Number         0  stubs.o ABSOLUTE
    _printf_i                                0x00000000   Number         0  stubs.o ABSOLUTE
    _printf_int_dec                          0x00000000   Number         0  stubs.o ABSOLUTE
    _printf_l                                0x00000000   Number         0  stubs.o ABSOLUTE
    _printf_lc                               0x00000000   Number         0  stubs.o ABSOLUTE
    _printf_ll                               0x00000000   Number         0  stubs.o ABSOLUTE
    _printf_lld                              0x00000000   Number         0  stubs.o ABSOLUTE
    _printf_lli                              0x00000000   Number         0  stubs.o ABSOLUTE
    _printf_llo                              0x00000000   Number         0  stubs.o ABSOLUTE
    _printf_llu                              0x00000000   Number         0  stubs.o ABSOLUTE
    _printf_llx                              0x00000000   Number         0  stubs.o ABSOLUTE
    _printf_longlong_dec                     0x00000000   Number         0  stubs.o ABSOLUTE
    _printf_longlong_hex                     0x00000000   Number         0  stubs.o ABSOLUTE
    _printf_longlong_oct                     0x00000000   Number         0  stubs.o ABSOLUTE
    _printf_ls                               0x00000000   Number         0  stubs.o ABSOLUTE
    _printf_mbtowc                           0x00000000   Number         0  stubs.o ABSOLUTE
    _printf_n                                0x00000000   Number         0  stubs.o ABSOLUTE
    _printf_o                                0x00000000   Number         0  stubs.o ABSOLUTE
    _printf_p                                0x00000000   Number         0  stubs.o ABSOLUTE
    _printf_percent                          0x00000000   Number         0  stubs.o ABSOLUTE
    _printf_pre_padding                      0x00000000   Number         0  stubs.o ABSOLUTE
    _printf_return_value                     0x00000000   Number         0  stubs.o ABSOLUTE
    _printf_s                                0x00000000   Number         0  stubs.o ABSOLUTE
    _printf_sizespec                         0x00000000   Number         0  stubs.o ABSOLUTE
    _printf_str                              0x00000000   Number         0  stubs.o ABSOLUTE
    _printf_truncate_signed                  0x00000000   Number         0  stubs.o ABSOLUTE
    _printf_truncate_unsigned                0x00000000   Number         0  stubs.o ABSOLUTE
    _printf_u                                0x00000000   Number         0  stubs.o ABSOLUTE
    _printf_wc                               0x00000000   Number         0  stubs.o ABSOLUTE
    _printf_wctomb                           0x00000000   Number         0  stubs.o ABSOLUTE
    _printf_widthprec                        0x00000000   Number         0  stubs.o ABSOLUTE
    _printf_x                                0x00000000   Number         0  stubs.o ABSOLUTE
    __cpp_initialize__aeabi_                  - Undefined Weak Reference
    __cxa_finalize                            - Undefined Weak Reference
    __decompress                              - Undefined Weak Reference
    _clock_init                               - Undefined Weak Reference
    _microlib_exit                            - Undefined Weak Reference
    _scanf_longlong                           - Undefined Weak Reference
    __Vectors_Size                           0x00000130   Number         0  startup_stm32f10x_hd.o ABSOLUTE
    __Vectors                                0x08000000   Data           4  startup_stm32f10x_hd.o(RESET)
    __Vectors_End                            0x08000130   Data           0  startup_stm32f10x_hd.o(RESET)
    __main                                   0x08000131   Thumb Code     0  entry.o(.ARM.Collect$$$$00000000)
    _main_stk                                0x08000131   Thumb Code     0  entry2.o(.ARM.Collect$$$$00000001)
    _main_scatterload                        0x08000135   Thumb Code     0  entry5.o(.ARM.Collect$$$$00000004)
    __main_after_scatterload                 0x08000139   Thumb Code     0  entry5.o(.ARM.Collect$$$$00000004)
    _main_clock                              0x08000139   Thumb Code     0  entry7b.o(.ARM.Collect$$$$00000008)
    _main_cpp_init                           0x08000139   Thumb Code     0  entry8b.o(.ARM.Collect$$$$0000000A)
    _main_init                               0x08000139   Thumb Code     0  entry9a.o(.ARM.Collect$$$$0000000B)
    __rt_final_cpp                           0x08000141   Thumb Code     0  entry10a.o(.ARM.Collect$$$$0000000D)
    __rt_final_exit                          0x08000141   Thumb Code     0  entry11a.o(.ARM.Collect$$$$0000000F)
    Reset_Handler                            0x08000145   Thumb Code     8  startup_stm32f10x_hd.o(.text)
    ADC1_2_IRQHandler                        0x0800015f   Thumb Code     0  startup_stm32f10x_hd.o(.text)
    ADC3_IRQHandler                          0x0800015f   Thumb Code     0  startup_stm32f10x_hd.o(.text)
    CAN1_RX1_IRQHandler                      0x0800015f   Thumb Code     0  startup_stm32f10x_hd.o(.text)
    CAN1_SCE_IRQHandler                      0x0800015f   Thumb Code     0  startup_stm32f10x_hd.o(.text)
    DMA1_Channel1_IRQHandler                 0x0800015f   Thumb Code     0  startup_stm32f10x_hd.o(.text)
    DMA1_Channel2_IRQHandler                 0x0800015f   Thumb Code     0  startup_stm32f10x_hd.o(.text)
    DMA1_Channel3_IRQHandler                 0x0800015f   Thumb Code     0  startup_stm32f10x_hd.o(.text)
    DMA1_Channel4_IRQHandler                 0x0800015f   Thumb Code     0  startup_stm32f10x_hd.o(.text)
    DMA1_Channel5_IRQHandler                 0x0800015f   Thumb Code     0  startup_stm32f10x_hd.o(.text)
    DMA1_Channel6_IRQHandler                 0x0800015f   Thumb Code     0  startup_stm32f10x_hd.o(.text)
    DMA1_Channel7_IRQHandler                 0x0800015f   Thumb Code     0  startup_stm32f10x_hd.o(.text)
    DMA2_Channel1_IRQHandler                 0x0800015f   Thumb Code     0  startup_stm32f10x_hd.o(.text)
    DMA2_Channel2_IRQHandler                 0x0800015f   Thumb Code     0  startup_stm32f10x_hd.o(.text)
    DMA2_Channel3_IRQHandler                 0x0800015f   Thumb Code     0  startup_stm32f10x_hd.o(.text)
    DMA2_Channel4_5_IRQHandler               0x0800015f   Thumb Code     0  startup_stm32f10x_hd.o(.text)
    EXTI15_10_IRQHandler                     0x0800015f   Thumb Code     0  startup_stm32f10x_hd.o(.text)
    EXTI1_IRQHandler                         0x0800015f   Thumb Code     0  startup_stm32f10x_hd.o(.text)
    EXTI9_5_IRQHandler                       0x0800015f   Thumb Code     0  startup_stm32f10x_hd.o(.text)
    FLASH_IRQHandler                         0x0800015f   Thumb Code     0  startup_stm32f10x_hd.o(.text)
    FSMC_IRQHandler                          0x0800015f   Thumb Code     0  startup_stm32f10x_hd.o(.text)
    I2C1_ER_IRQHandler                       0x0800015f   Thumb Code     0  startup_stm32f10x_hd.o(.text)
    I2C1_EV_IRQHandler                       0x0800015f   Thumb Code     0  startup_stm32f10x_hd.o(.text)
    I2C2_ER_IRQHandler                       0x0800015f   Thumb Code     0  startup_stm32f10x_hd.o(.text)
    I2C2_EV_IRQHandler                       0x0800015f   Thumb Code     0  startup_stm32f10x_hd.o(.text)
    PVD_IRQHandler                           0x0800015f   Thumb Code     0  startup_stm32f10x_hd.o(.text)
    RCC_IRQHandler                           0x0800015f   Thumb Code     0  startup_stm32f10x_hd.o(.text)
    RTCAlarm_IRQHandler                      0x0800015f   Thumb Code     0  startup_stm32f10x_hd.o(.text)
    RTC_IRQHandler                           0x0800015f   Thumb Code     0  startup_stm32f10x_hd.o(.text)
    SDIO_IRQHandler                          0x0800015f   Thumb Code     0  startup_stm32f10x_hd.o(.text)
    SPI1_IRQHandler                          0x0800015f   Thumb Code     0  startup_stm32f10x_hd.o(.text)
    SPI2_IRQHandler                          0x0800015f   Thumb Code     0  startup_stm32f10x_hd.o(.text)
    SPI3_IRQHandler                          0x0800015f   Thumb Code     0  startup_stm32f10x_hd.o(.text)
    TAMPER_IRQHandler                        0x0800015f   Thumb Code     0  startup_stm32f10x_hd.o(.text)
    TIM1_BRK_IRQHandler                      0x0800015f   Thumb Code     0  startup_stm32f10x_hd.o(.text)
    TIM1_CC_IRQHandler                       0x0800015f   Thumb Code     0  startup_stm32f10x_hd.o(.text)
    TIM1_TRG_COM_IRQHandler                  0x0800015f   Thumb Code     0  startup_stm32f10x_hd.o(.text)
    TIM1_UP_IRQHandler                       0x0800015f   Thumb Code     0  startup_stm32f10x_hd.o(.text)
    TIM2_IRQHandler                          0x0800015f   Thumb Code     0  startup_stm32f10x_hd.o(.text)
    TIM3_IRQHandler                          0x0800015f   Thumb Code     0  startup_stm32f10x_hd.o(.text)
    TIM4_IRQHandler                          0x0800015f   Thumb Code     0  startup_stm32f10x_hd.o(.text)
    TIM5_IRQHandler                          0x0800015f   Thumb Code     0  startup_stm32f10x_hd.o(.text)
    TIM6_IRQHandler                          0x0800015f   Thumb Code     0  startup_stm32f10x_hd.o(.text)
    TIM7_IRQHandler                          0x0800015f   Thumb Code     0  startup_stm32f10x_hd.o(.text)
    TIM8_BRK_IRQHandler                      0x0800015f   Thumb Code     0  startup_stm32f10x_hd.o(.text)
    TIM8_CC_IRQHandler                       0x0800015f   Thumb Code     0  startup_stm32f10x_hd.o(.text)
    TIM8_TRG_COM_IRQHandler                  0x0800015f   Thumb Code     0  startup_stm32f10x_hd.o(.text)
    TIM8_UP_IRQHandler                       0x0800015f   Thumb Code     0  startup_stm32f10x_hd.o(.text)
    UART4_IRQHandler                         0x0800015f   Thumb Code     0  startup_stm32f10x_hd.o(.text)
    UART5_IRQHandler                         0x0800015f   Thumb Code     0  startup_stm32f10x_hd.o(.text)
    USART2_IRQHandler                        0x0800015f   Thumb Code     0  startup_stm32f10x_hd.o(.text)
    USBWakeUp_IRQHandler                     0x0800015f   Thumb Code     0  startup_stm32f10x_hd.o(.text)
    USB_HP_CAN1_TX_IRQHandler                0x0800015f   Thumb Code     0  startup_stm32f10x_hd.o(.text)
    USB_LP_CAN1_RX0_IRQHandler               0x0800015f   Thumb Code     0  startup_stm32f10x_hd.o(.text)
    WWDG_IRQHandler                          0x0800015f   Thumb Code     0  startup_stm32f10x_hd.o(.text)
    __aeabi_memcpy                           0x08000169   Thumb Code    36  memcpya.o(.text)
    __aeabi_memcpy4                          0x08000169   Thumb Code     0  memcpya.o(.text)
    __aeabi_memcpy8                          0x08000169   Thumb Code     0  memcpya.o(.text)
    __aeabi_memset                           0x0800018d   Thumb Code    14  memseta.o(.text)
    __aeabi_memset4                          0x0800018d   Thumb Code     0  memseta.o(.text)
    __aeabi_memset8                          0x0800018d   Thumb Code     0  memseta.o(.text)
    __aeabi_memclr                           0x0800019b   Thumb Code     4  memseta.o(.text)
    __aeabi_memclr4                          0x0800019b   Thumb Code     0  memseta.o(.text)
    __aeabi_memclr8                          0x0800019b   Thumb Code     0  memseta.o(.text)
    _memset$wrapper                          0x0800019f   Thumb Code    18  memseta.o(.text)
    strstr                                   0x080001b1   Thumb Code    36  strstr.o(.text)
    strncpy                                  0x080001d5   Thumb Code    24  strncpy.o(.text)
    strchr                                   0x080001ed   Thumb Code    20  strchr.o(.text)
    strlen                                   0x08000201   Thumb Code    14  strlen.o(.text)
    __aeabi_dadd                             0x0800020f   Thumb Code   322  dadd.o(.text)
    __aeabi_dsub                             0x08000351   Thumb Code     6  dadd.o(.text)
    __aeabi_drsub                            0x08000357   Thumb Code     6  dadd.o(.text)
    __aeabi_dmul                             0x0800035d   Thumb Code   228  dmul.o(.text)
    __aeabi_ddiv                             0x08000441   Thumb Code   222  ddiv.o(.text)
    __aeabi_cdrcmple                         0x08000521   Thumb Code    48  cdrcmple.o(.text)
    __aeabi_uidiv                            0x08000551   Thumb Code     0  uidiv.o(.text)
    __aeabi_uidivmod                         0x08000551   Thumb Code    44  uidiv.o(.text)
    __aeabi_uldivmod                         0x0800057d   Thumb Code    98  uldiv.o(.text)
    __aeabi_llsl                             0x080005df   Thumb Code    30  llshl.o(.text)
    _ll_shift_l                              0x080005df   Thumb Code     0  llshl.o(.text)
    __aeabi_llsr                             0x080005fd   Thumb Code    32  llushr.o(.text)
    _ll_ushift_r                             0x080005fd   Thumb Code     0  llushr.o(.text)
    __aeabi_lasr                             0x0800061d   Thumb Code    36  llsshr.o(.text)
    _ll_sshift_r                             0x0800061d   Thumb Code     0  llsshr.o(.text)
    __I$use$fp                               0x08000641   Thumb Code     0  iusefp.o(.text)
    _double_round                            0x08000641   Thumb Code    30  depilogue.o(.text)
    _double_epilogue                         0x0800065f   Thumb Code   156  depilogue.o(.text)
    __aeabi_d2ulz                            0x080006fb   Thumb Code    48  dfixul.o(.text)
    __scatterload                            0x0800072d   Thumb Code    28  init.o(.text)
    __scatterload_rt2                        0x0800072d   Thumb Code     0  init.o(.text)
    ADC_Cmd                                  0x08000751   Thumb Code    22  stm32f10x_adc.o(i.ADC_Cmd)
    ADC_DeInit                               0x08000769   Thumb Code    78  stm32f10x_adc.o(i.ADC_DeInit)
    ADC_GetCalibrationStatus                 0x080007c5   Thumb Code    20  stm32f10x_adc.o(i.ADC_GetCalibrationStatus)
    ADC_GetConversionValue                   0x080007d9   Thumb Code     8  stm32f10x_adc.o(i.ADC_GetConversionValue)
    ADC_GetFlagStatus                        0x080007e1   Thumb Code    18  stm32f10x_adc.o(i.ADC_GetFlagStatus)
    ADC_GetResetCalibrationStatus            0x080007f3   Thumb Code    20  stm32f10x_adc.o(i.ADC_GetResetCalibrationStatus)
    ADC_Init                                 0x08000809   Thumb Code    70  stm32f10x_adc.o(i.ADC_Init)
    ADC_RegularChannelConfig                 0x08000859   Thumb Code   184  stm32f10x_adc.o(i.ADC_RegularChannelConfig)
    ADC_ResetCalibration                     0x08000911   Thumb Code    10  stm32f10x_adc.o(i.ADC_ResetCalibration)
    ADC_SoftwareStartConvCmd                 0x0800091b   Thumb Code    22  stm32f10x_adc.o(i.ADC_SoftwareStartConvCmd)
    ADC_StartCalibration                     0x08000931   Thumb Code    10  stm32f10x_adc.o(i.ADC_StartCalibration)
    ADC_TempSensorVrefintCmd                 0x0800093d   Thumb Code    30  stm32f10x_adc.o(i.ADC_TempSensorVrefintCmd)
    ADC_Temp_Init                            0x08000961   Thumb Code   118  adc_temp.o(i.ADC_Temp_Init)
    BEEP_Init                                0x080009dd   Thumb Code    50  beep.o(i.BEEP_Init)
    BusFault_Handler                         0x08000a15   Thumb Code     4  stm32f10x_it.o(i.BusFault_Handler)
    DHT11_Check                              0x08000a19   Thumb Code    92  dht11.o(i.DHT11_Check)
    DHT11_Init                               0x08000a7d   Thumb Code    58  dht11.o(i.DHT11_Init)
    DHT11_Read_Bit                           0x08000abd   Thumb Code    70  dht11.o(i.DHT11_Read_Bit)
    DHT11_Read_Byte                          0x08000b09   Thumb Code    30  dht11.o(i.DHT11_Read_Byte)
    DHT11_Read_Data                          0x08000b27   Thumb Code    88  dht11.o(i.DHT11_Read_Data)
    DHT11_Rst                                0x08000b81   Thumb Code    52  dht11.o(i.DHT11_Rst)
    DebugMon_Handler                         0x08000bc1   Thumb Code     2  stm32f10x_it.o(i.DebugMon_Handler)
    ESP8266_Choose                           0x08000bc5   Thumb Code    28  wifi_function.o(i.ESP8266_Choose)
    ESP8266_Cmd                              0x08000be5   Thumb Code   164  wifi_function.o(i.ESP8266_Cmd)
    ESP8266_JoinAP                           0x08000c9d   Thumb Code    38  wifi_function.o(i.ESP8266_JoinAP)
    ESP8266_MQTT_ClientIdSet                 0x08000cdd   Thumb Code    34  wifi_function.o(i.ESP8266_MQTT_ClientIdSet)
    ESP8266_MQTT_Connect                     0x08000d1d   Thumb Code    38  wifi_function.o(i.ESP8266_MQTT_Connect)
    ESP8266_MQTT_UserConfig                  0x08000d61   Thumb Code    58  wifi_function.o(i.ESP8266_MQTT_UserConfig)
    ESP8266_Net_Mode_Choose                  0x08000df9   Thumb Code    68  wifi_function.o(i.ESP8266_Net_Mode_Choose)
    ESP8266_Time                             0x08000e71   Thumb Code    60  wifi_function.o(i.ESP8266_Time)
    EXTI0_IRQHandler                         0x08000ecd   Thumb Code    24  exti.o(i.EXTI0_IRQHandler)
    EXTI2_IRQHandler                         0x08000ee9   Thumb Code    64  exti.o(i.EXTI2_IRQHandler)
    EXTI3_IRQHandler                         0x08000f35   Thumb Code    16  exti.o(i.EXTI3_IRQHandler)
    EXTI4_IRQHandler                         0x08000f45   Thumb Code    32  exti.o(i.EXTI4_IRQHandler)
    EXTI_ClearITPendingBit                   0x08000f6d   Thumb Code     6  stm32f10x_exti.o(i.EXTI_ClearITPendingBit)
    EXTI_GetITStatus                         0x08000f79   Thumb Code    34  stm32f10x_exti.o(i.EXTI_GetITStatus)
    EXTI_Init                                0x08000fa1   Thumb Code   142  stm32f10x_exti.o(i.EXTI_Init)
    FSMC_NORSRAMCmd                          0x08001035   Thumb Code    46  stm32f10x_fsmc.o(i.FSMC_NORSRAMCmd)
    FSMC_NORSRAMInit                         0x08001069   Thumb Code   230  stm32f10x_fsmc.o(i.FSMC_NORSRAMInit)
    GPIO_EXTILineConfig                      0x08001151   Thumb Code    60  stm32f10x_gpio.o(i.GPIO_EXTILineConfig)
    GPIO_Init                                0x08001191   Thumb Code   278  stm32f10x_gpio.o(i.GPIO_Init)
    GPIO_PinRemapConfig                      0x080012a9   Thumb Code   138  stm32f10x_gpio.o(i.GPIO_PinRemapConfig)
    GPIO_ResetBits                           0x08001339   Thumb Code     4  stm32f10x_gpio.o(i.GPIO_ResetBits)
    GPIO_SetBits                             0x0800133d   Thumb Code     4  stm32f10x_gpio.o(i.GPIO_SetBits)
    Get_ADC3                                 0x08001341   Thumb Code    46  lsens.o(i.Get_ADC3)
    Get_Weather                              0x08001375   Thumb Code   354  weather.o(i.Get_Weather)
    HardFault_Handler                        0x08001671   Thumb Code     4  stm32f10x_it.o(i.HardFault_Handler)
    KEY_Init                                 0x08001675   Thumb Code    52  key.o(i.KEY_Init)
    LCD_Clear                                0x080016b1   Thumb Code    68  tftlcd.o(i.LCD_Clear)
    LCD_Display_Dir                          0x080016f9   Thumb Code    66  tftlcd.o(i.LCD_Display_Dir)
    LCD_DrawFRONT_COLOR                      0x08001741   Thumb Code    28  tftlcd.o(i.LCD_DrawFRONT_COLOR)
    LCD_Pow                                  0x0800175d   Thumb Code    22  tftlcd.o(i.LCD_Pow)
    LCD_ReadData                             0x08001775   Thumb Code     6  tftlcd.o(i.LCD_ReadData)
    LCD_Set_Window                           0x08001781   Thumb Code    74  tftlcd.o(i.LCD_Set_Window)
    LCD_ShowChar                             0x080017cd   Thumb Code   272  tftlcd.o(i.LCD_ShowChar)
    LCD_ShowFontHZ                           0x080018f5   Thumb Code   220  tftlcd.o(i.LCD_ShowFontHZ)
    LCD_ShowString                           0x080019dd   Thumb Code   102  tftlcd.o(i.LCD_ShowString)
    LCD_ShowxNum                             0x08001a43   Thumb Code   190  tftlcd.o(i.LCD_ShowxNum)
    LCD_WriteCmd                             0x08001b01   Thumb Code     6  tftlcd.o(i.LCD_WriteCmd)
    LCD_WriteData                            0x08001b0d   Thumb Code     6  tftlcd.o(i.LCD_WriteData)
    LCD_WriteData_Color                      0x08001b19   Thumb Code    12  tftlcd.o(i.LCD_WriteData_Color)
    LED_Init                                 0x08001b29   Thumb Code    68  led.o(i.LED_Init)
    Lsens_Get_Val                            0x08001b75   Thumb Code    60  lsens.o(i.Lsens_Get_Val)
    Lsens_Init                               0x08001bb1   Thumb Code   150  lsens.o(i.Lsens_Init)
    MemManage_Handler                        0x08001c51   Thumb Code     4  stm32f10x_it.o(i.MemManage_Handler)
    My_EXTI_Init                             0x08001c55   Thumb Code   214  exti.o(i.My_EXTI_Init)
    NMI_Handler                              0x08001d2b   Thumb Code     2  stm32f10x_it.o(i.NMI_Handler)
    NVIC_Init                                0x08001d2d   Thumb Code   100  misc.o(i.NVIC_Init)
    NVIC_PriorityGroupConfig                 0x08001d9d   Thumb Code    10  misc.o(i.NVIC_PriorityGroupConfig)
    PendSV_Handler                           0x08001db1   Thumb Code     2  stm32f10x_it.o(i.PendSV_Handler)
    RCC_ADCCLKConfig                         0x08001db5   Thumb Code    18  stm32f10x_rcc.o(i.RCC_ADCCLKConfig)
    RCC_AHBPeriphClockCmd                    0x08001dcd   Thumb Code    26  stm32f10x_rcc.o(i.RCC_AHBPeriphClockCmd)
    RCC_APB1PeriphClockCmd                   0x08001ded   Thumb Code    26  stm32f10x_rcc.o(i.RCC_APB1PeriphClockCmd)
    RCC_APB2PeriphClockCmd                   0x08001e0d   Thumb Code    26  stm32f10x_rcc.o(i.RCC_APB2PeriphClockCmd)
    RCC_APB2PeriphResetCmd                   0x08001e2d   Thumb Code    26  stm32f10x_rcc.o(i.RCC_APB2PeriphResetCmd)
    RCC_GetClocksFreq                        0x08001e4d   Thumb Code   192  stm32f10x_rcc.o(i.RCC_GetClocksFreq)
    RGB_LED_Clear                            0x08001f21   Thumb Code    36  ws2812.o(i.RGB_LED_Clear)
    RGB_LED_Green                            0x08001f45   Thumb Code    26  ws2812.o(i.RGB_LED_Green)
    RGB_LED_Init                             0x08001f61   Thumb Code    50  ws2812.o(i.RGB_LED_Init)
    RGB_LED_Red                              0x08001f99   Thumb Code    26  ws2812.o(i.RGB_LED_Red)
    RGB_LED_Reset                            0x08001fb5   Thumb Code    18  ws2812.o(i.RGB_LED_Reset)
    RGB_LED_Write0                           0x08001fcd   Thumb Code   108  ws2812.o(i.RGB_LED_Write0)
    RGB_LED_Write1                           0x0800203d   Thumb Code   108  ws2812.o(i.RGB_LED_Write1)
    RGB_LED_Write_24Bits                     0x080020ad   Thumb Code    28  ws2812.o(i.RGB_LED_Write_24Bits)
    RGB_LED_Write_Byte                       0x080020c9   Thumb Code    38  ws2812.o(i.RGB_LED_Write_Byte)
    SVC_Handler                              0x080020ef   Thumb Code     2  stm32f10x_it.o(i.SVC_Handler)
    SysTick_CLKSourceConfig                  0x080021d9   Thumb Code    40  misc.o(i.SysTick_CLKSourceConfig)
    SysTick_Handler                          0x08002201   Thumb Code     2  stm32f10x_it.o(i.SysTick_Handler)
    SysTick_Init                             0x08002205   Thumb Code    52  systick.o(i.SysTick_Init)
    SystemInit                               0x08002241   Thumb Code    78  system_stm32f10x.o(i.SystemInit)
    TFTLCD_FSMC_Init                         0x080022a1   Thumb Code   126  tftlcd.o(i.TFTLCD_FSMC_Init)
    TFTLCD_GPIO_Init                         0x08002321   Thumb Code   130  tftlcd.o(i.TFTLCD_GPIO_Init)
    TFTLCD_Init                              0x080023b9   Thumb Code   574  tftlcd.o(i.TFTLCD_Init)
    TIM3_CH2_PWM_Init                        0x0800260d   Thumb Code   146  pwm.o(i.TIM3_CH2_PWM_Init)
    TIM_ARRPreloadConfig                     0x080026ad   Thumb Code    24  stm32f10x_tim.o(i.TIM_ARRPreloadConfig)
    TIM_Cmd                                  0x080026c5   Thumb Code    24  stm32f10x_tim.o(i.TIM_Cmd)
    TIM_OC2Init                              0x080026dd   Thumb Code   154  stm32f10x_tim.o(i.TIM_OC2Init)
    TIM_OC2PreloadConfig                     0x08002781   Thumb Code    26  stm32f10x_tim.o(i.TIM_OC2PreloadConfig)
    TIM_SetCompare2                          0x0800279b   Thumb Code     4  stm32f10x_tim.o(i.TIM_SetCompare2)
    TIM_TimeBaseInit                         0x080027a1   Thumb Code   122  stm32f10x_tim.o(i.TIM_TimeBaseInit)
    USART1_IRQHandler                        0x08002845   Thumb Code   122  usart.o(i.USART1_IRQHandler)
    USART1_Init                              0x080028cd   Thumb Code   166  usart.o(i.USART1_Init)
    USART3_IRQHandler                        0x0800297d   Thumb Code   114  wifi_config.o(i.USART3_IRQHandler)
    USART3_printf                            0x080029f9   Thumb Code   262  wifi_config.o(i.USART3_printf)
    USART_ClearFlag                          0x08002aff   Thumb Code    18  stm32f10x_usart.o(i.USART_ClearFlag)
    USART_Cmd                                0x08002b11   Thumb Code    24  stm32f10x_usart.o(i.USART_Cmd)
    USART_GetFlagStatus                      0x08002b29   Thumb Code    26  stm32f10x_usart.o(i.USART_GetFlagStatus)
    USART_GetITStatus                        0x08002b43   Thumb Code    84  stm32f10x_usart.o(i.USART_GetITStatus)
    USART_ITConfig                           0x08002b97   Thumb Code    74  stm32f10x_usart.o(i.USART_ITConfig)
    USART_Init                               0x08002be1   Thumb Code   210  stm32f10x_usart.o(i.USART_Init)
    USART_ReceiveData                        0x08002cb9   Thumb Code    10  stm32f10x_usart.o(i.USART_ReceiveData)
    USART_SendData                           0x08002cc3   Thumb Code     8  stm32f10x_usart.o(i.USART_SendData)
    UsageFault_Handler                       0x08002ccb   Thumb Code     4  stm32f10x_it.o(i.UsageFault_Handler)
    WiFi_Config                              0x08002cd1   Thumb Code   242  wifi_config.o(i.WiFi_Config)
    __0printf                                0x08002dd5   Thumb Code    22  printfa.o(i.__0printf)
    __1printf                                0x08002dd5   Thumb Code     0  printfa.o(i.__0printf)
    __2printf                                0x08002dd5   Thumb Code     0  printfa.o(i.__0printf)
    __c89printf                              0x08002dd5   Thumb Code     0  printfa.o(i.__0printf)
    printf                                   0x08002dd5   Thumb Code     0  printfa.o(i.__0printf)
    __0snprintf                              0x08002df5   Thumb Code    44  printfa.o(i.__0snprintf)
    __1snprintf                              0x08002df5   Thumb Code     0  printfa.o(i.__0snprintf)
    __2snprintf                              0x08002df5   Thumb Code     0  printfa.o(i.__0snprintf)
    __c89snprintf                            0x08002df5   Thumb Code     0  printfa.o(i.__0snprintf)
    snprintf                                 0x08002df5   Thumb Code     0  printfa.o(i.__0snprintf)
    __0sprintf                               0x08002e25   Thumb Code    34  printfa.o(i.__0sprintf)
    __1sprintf                               0x08002e25   Thumb Code     0  printfa.o(i.__0sprintf)
    __2sprintf                               0x08002e25   Thumb Code     0  printfa.o(i.__0sprintf)
    __c89sprintf                             0x08002e25   Thumb Code     0  printfa.o(i.__0sprintf)
    sprintf                                  0x08002e25   Thumb Code     0  printfa.o(i.__0sprintf)
    malloc                                   0x08002e4d   Thumb Code    64  mallocr.o(i.__malloc$realloc)
    __scatterload_copy                       0x08002e9d   Thumb Code    14  handlers.o(i.__scatterload_copy)
    __scatterload_null                       0x08002eab   Thumb Code     2  handlers.o(i.__scatterload_null)
    __scatterload_zeroinit                   0x08002ead   Thumb Code    14  handlers.o(i.__scatterload_zeroinit)
    delay_ms                                 0x08003791   Thumb Code    72  systick.o(i.delay_ms)
    delay_us                                 0x080037dd   Thumb Code    72  systick.o(i.delay_us)
    fputc                                    0x08003829   Thumb Code    32  usart.o(i.fputc)
    main                                     0x08003901   Thumb Code  3824  main.o(i.main)
    parse_weather_json                       0x080047f1   Thumb Code   340  weather.o(i.parse_weather_json)
    ascii_1206                               0x08004b48   Data        1140  tftlcd.o(.constdata)
    ascii_1608                               0x08004fbc   Data        1520  tftlcd.o(.constdata)
    ascii_2412                               0x080055ac   Data        3420  tftlcd.o(.constdata)
    ascii_3216                               0x08006308   Data       12160  tftlcd.o(.constdata)
    CnChar32x29                              0x08009288   Data        4838  tftlcd.o(.constdata)
    Region$$Table$$Base                      0x0800a77c   Number         0  anon$$obj.o(Region$$Table)
    Region$$Table$$Limit                     0x0800a79c   Number         0  anon$$obj.o(Region$$Table)
    temp                                     0x20000000   Data           1  main.o(.data)
    humi                                     0x20000001   Data           1  main.o(.data)
    i                                        0x20000004   Data           4  main.o(.data)
    root                                     0x20000008   Data           4  main.o(.data)
    array                                    0x2000000c   Data           4  main.o(.data)
    results0                                 0x20000010   Data           4  main.o(.data)
    location                                 0x20000014   Data           4  main.o(.data)
    now                                      0x20000018   Data           4  main.o(.data)
    zone                                     0x2000001c   Data           4  main.o(.data)
    temperature                              0x20000020   Data           4  main.o(.data)
    weather                                  0x20000024   Data           4  main.o(.data)
    FRONT_COLOR                              0x2000003c   Data           2  tftlcd.o(.data)
    BACK_COLOR                               0x2000003e   Data           2  tftlcd.o(.data)
    tftlcd_data                              0x20000040   Data           8  tftlcd.o(.data)
    USART1_RX_STA                            0x2000004c   Data           2  usart.o(.data)
    weather_info                             0x2000004e   Data          24  weather.o(.data)
    __stdout                                 0x20000068   Data           4  stdout.o(.data)
    __microlib_freelist                      0x2000006c   Data           4  mvars.o(.data)
    __microlib_freelist_initialised          0x20000070   Data           4  mvars.o(.data)
    USART1_RX_BUF                            0x20000074   Data         200  usart.o(.bss)
    strEsp8266_Fram_Record                   0x2000013c   Data        1026  wifi_config.o(.bss)
    __heap_base                              0x20000540   Data           0  startup_stm32f10x_hd.o(HEAP)
    __heap_limit                             0x20004540   Data           0  startup_stm32f10x_hd.o(HEAP)
    __initial_sp                             0x2000c540   Data           0  startup_stm32f10x_hd.o(STACK)



==============================================================================

Memory Map of the image

  Image Entry point : 0x08000131

  Load Region LR_IROM1 (Base: 0x08000000, Size: 0x0000a810, Max: 0x00080000, ABSOLUTE)

    Execution Region ER_IROM1 (Exec base: 0x08000000, Load base: 0x08000000, Size: 0x0000a79c, Max: 0x00080000, ABSOLUTE)

    Exec Addr    Load Addr    Size         Type   Attr      Idx    E Section Name        Object

    0x08000000   0x08000000   0x00000130   Data   RO          270    RESET               startup_stm32f10x_hd.o
    0x08000130   0x08000130   0x00000000   Code   RO         3626  * .ARM.Collect$$$$00000000  mc_w.l(entry.o)
    0x08000130   0x08000130   0x00000004   Code   RO         3982    .ARM.Collect$$$$00000001  mc_w.l(entry2.o)
    0x08000134   0x08000134   0x00000004   Code   RO         3985    .ARM.Collect$$$$00000004  mc_w.l(entry5.o)
    0x08000138   0x08000138   0x00000000   Code   RO         3987    .ARM.Collect$$$$00000008  mc_w.l(entry7b.o)
    0x08000138   0x08000138   0x00000000   Code   RO         3989    .ARM.Collect$$$$0000000A  mc_w.l(entry8b.o)
    0x08000138   0x08000138   0x00000008   Code   RO         3990    .ARM.Collect$$$$0000000B  mc_w.l(entry9a.o)
    0x08000140   0x08000140   0x00000000   Code   RO         3992    .ARM.Collect$$$$0000000D  mc_w.l(entry10a.o)
    0x08000140   0x08000140   0x00000000   Code   RO         3994    .ARM.Collect$$$$0000000F  mc_w.l(entry11a.o)
    0x08000140   0x08000140   0x00000004   Code   RO         3983    .ARM.Collect$$$$00002712  mc_w.l(entry2.o)
    0x08000144   0x08000144   0x00000024   Code   RO          271    .text               startup_stm32f10x_hd.o
    0x08000168   0x08000168   0x00000024   Code   RO         3631    .text               mc_w.l(memcpya.o)
    0x0800018c   0x0800018c   0x00000024   Code   RO         3633    .text               mc_w.l(memseta.o)
    0x080001b0   0x080001b0   0x00000024   Code   RO         3635    .text               mc_w.l(strstr.o)
    0x080001d4   0x080001d4   0x00000018   Code   RO         3637    .text               mc_w.l(strncpy.o)
    0x080001ec   0x080001ec   0x00000014   Code   RO         3639    .text               mc_w.l(strchr.o)
    0x08000200   0x08000200   0x0000000e   Code   RO         3641    .text               mc_w.l(strlen.o)
    0x0800020e   0x0800020e   0x0000014e   Code   RO         3960    .text               mf_w.l(dadd.o)
    0x0800035c   0x0800035c   0x000000e4   Code   RO         3962    .text               mf_w.l(dmul.o)
    0x08000440   0x08000440   0x000000de   Code   RO         3964    .text               mf_w.l(ddiv.o)
    0x0800051e   0x0800051e   0x00000002   PAD
    0x08000520   0x08000520   0x00000030   Code   RO         3980    .text               mf_w.l(cdrcmple.o)
    0x08000550   0x08000550   0x0000002c   Code   RO         3998    .text               mc_w.l(uidiv.o)
    0x0800057c   0x0800057c   0x00000062   Code   RO         4000    .text               mc_w.l(uldiv.o)
    0x080005de   0x080005de   0x0000001e   Code   RO         4002    .text               mc_w.l(llshl.o)
    0x080005fc   0x080005fc   0x00000020   Code   RO         4004    .text               mc_w.l(llushr.o)
    0x0800061c   0x0800061c   0x00000024   Code   RO         4006    .text               mc_w.l(llsshr.o)
    0x08000640   0x08000640   0x00000000   Code   RO         4029    .text               mc_w.l(iusefp.o)
    0x08000640   0x08000640   0x000000ba   Code   RO         4032    .text               mf_w.l(depilogue.o)
    0x080006fa   0x080006fa   0x00000030   Code   RO         4036    .text               mf_w.l(dfixul.o)
    0x0800072a   0x0800072a   0x00000002   PAD
    0x0800072c   0x0800072c   0x00000024   Code   RO         4040    .text               mc_w.l(init.o)
    0x08000750   0x08000750   0x00000016   Code   RO         1648    i.ADC_Cmd           stm32f10x_adc.o
    0x08000766   0x08000766   0x00000002   PAD
    0x08000768   0x08000768   0x0000005c   Code   RO         1650    i.ADC_DeInit        stm32f10x_adc.o
    0x080007c4   0x080007c4   0x00000014   Code   RO         1656    i.ADC_GetCalibrationStatus  stm32f10x_adc.o
    0x080007d8   0x080007d8   0x00000008   Code   RO         1657    i.ADC_GetConversionValue  stm32f10x_adc.o
    0x080007e0   0x080007e0   0x00000012   Code   RO         1659    i.ADC_GetFlagStatus  stm32f10x_adc.o
    0x080007f2   0x080007f2   0x00000014   Code   RO         1662    i.ADC_GetResetCalibrationStatus  stm32f10x_adc.o
    0x08000806   0x08000806   0x00000002   PAD
    0x08000808   0x08000808   0x00000050   Code   RO         1666    i.ADC_Init          stm32f10x_adc.o
    0x08000858   0x08000858   0x000000b8   Code   RO         1670    i.ADC_RegularChannelConfig  stm32f10x_adc.o
    0x08000910   0x08000910   0x0000000a   Code   RO         1671    i.ADC_ResetCalibration  stm32f10x_adc.o
    0x0800091a   0x0800091a   0x00000016   Code   RO         1673    i.ADC_SoftwareStartConvCmd  stm32f10x_adc.o
    0x08000930   0x08000930   0x0000000a   Code   RO         1675    i.ADC_StartCalibration  stm32f10x_adc.o
    0x0800093a   0x0800093a   0x00000002   PAD
    0x0800093c   0x0800093c   0x00000024   Code   RO         1677    i.ADC_TempSensorVrefintCmd  stm32f10x_adc.o
    0x08000960   0x08000960   0x0000007c   Code   RO         2043    i.ADC_Temp_Init     adc_temp.o
    0x080009dc   0x080009dc   0x00000038   Code   RO         2379    i.BEEP_Init         beep.o
    0x08000a14   0x08000a14   0x00000004   Code   RO          183    i.BusFault_Handler  stm32f10x_it.o
    0x08000a18   0x08000a18   0x00000064   Code   RO         2295    i.DHT11_Check       dht11.o
    0x08000a7c   0x08000a7c   0x00000040   Code   RO         2296    i.DHT11_Init        dht11.o
    0x08000abc   0x08000abc   0x0000004c   Code   RO         2297    i.DHT11_Read_Bit    dht11.o
    0x08000b08   0x08000b08   0x0000001e   Code   RO         2298    i.DHT11_Read_Byte   dht11.o
    0x08000b26   0x08000b26   0x00000058   Code   RO         2299    i.DHT11_Read_Data   dht11.o
    0x08000b7e   0x08000b7e   0x00000002   PAD
    0x08000b80   0x08000b80   0x00000040   Code   RO         2300    i.DHT11_Rst         dht11.o
    0x08000bc0   0x08000bc0   0x00000002   Code   RO          184    i.DebugMon_Handler  stm32f10x_it.o
    0x08000bc2   0x08000bc2   0x00000002   PAD
    0x08000bc4   0x08000bc4   0x00000020   Code   RO         3479    i.ESP8266_Choose    wifi_function.o
    0x08000be4   0x08000be4   0x000000b8   Code   RO         3480    i.ESP8266_Cmd       wifi_function.o
    0x08000c9c   0x08000c9c   0x00000040   Code   RO         3482    i.ESP8266_JoinAP    wifi_function.o
    0x08000cdc   0x08000cdc   0x00000040   Code   RO         3484    i.ESP8266_MQTT_ClientIdSet  wifi_function.o
    0x08000d1c   0x08000d1c   0x00000044   Code   RO         3485    i.ESP8266_MQTT_Connect  wifi_function.o
    0x08000d60   0x08000d60   0x00000098   Code   RO         3488    i.ESP8266_MQTT_UserConfig  wifi_function.o
    0x08000df8   0x08000df8   0x00000078   Code   RO         3489    i.ESP8266_Net_Mode_Choose  wifi_function.o
    0x08000e70   0x08000e70   0x0000005c   Code   RO         3496    i.ESP8266_Time      wifi_function.o
    0x08000ecc   0x08000ecc   0x0000001c   Code   RO         2340    i.EXTI0_IRQHandler  exti.o
    0x08000ee8   0x08000ee8   0x0000004c   Code   RO         2341    i.EXTI2_IRQHandler  exti.o
    0x08000f34   0x08000f34   0x00000010   Code   RO         2342    i.EXTI3_IRQHandler  exti.o
    0x08000f44   0x08000f44   0x00000028   Code   RO         2343    i.EXTI4_IRQHandler  exti.o
    0x08000f6c   0x08000f6c   0x0000000c   Code   RO          627    i.EXTI_ClearITPendingBit  stm32f10x_exti.o
    0x08000f78   0x08000f78   0x00000028   Code   RO          631    i.EXTI_GetITStatus  stm32f10x_exti.o
    0x08000fa0   0x08000fa0   0x00000094   Code   RO          632    i.EXTI_Init         stm32f10x_exti.o
    0x08001034   0x08001034   0x00000034   Code   RO         1875    i.FSMC_NORSRAMCmd   stm32f10x_fsmc.o
    0x08001068   0x08001068   0x000000e6   Code   RO         1877    i.FSMC_NORSRAMInit  stm32f10x_fsmc.o
    0x0800114e   0x0800114e   0x00000002   PAD
    0x08001150   0x08001150   0x00000040   Code   RO          279    i.GPIO_EXTILineConfig  stm32f10x_gpio.o
    0x08001190   0x08001190   0x00000116   Code   RO          282    i.GPIO_Init         stm32f10x_gpio.o
    0x080012a6   0x080012a6   0x00000002   PAD
    0x080012a8   0x080012a8   0x00000090   Code   RO          284    i.GPIO_PinRemapConfig  stm32f10x_gpio.o
    0x08001338   0x08001338   0x00000004   Code   RO          289    i.GPIO_ResetBits    stm32f10x_gpio.o
    0x0800133c   0x0800133c   0x00000004   Code   RO          290    i.GPIO_SetBits      stm32f10x_gpio.o
    0x08001340   0x08001340   0x00000034   Code   RO         2518    i.Get_ADC3          lsens.o
    0x08001374   0x08001374   0x000002fc   Code   RO         3296    i.Get_Weather       weather.o
    0x08001670   0x08001670   0x00000004   Code   RO          185    i.HardFault_Handler  stm32f10x_it.o
    0x08001674   0x08001674   0x0000003c   Code   RO         2070    i.KEY_Init          key.o
    0x080016b0   0x080016b0   0x00000048   Code   RO         2092    i.LCD_Clear         tftlcd.o
    0x080016f8   0x080016f8   0x00000048   Code   RO         2094    i.LCD_Display_Dir   tftlcd.o
    0x08001740   0x08001740   0x0000001c   Code   RO         2095    i.LCD_DrawFRONT_COLOR  tftlcd.o
    0x0800175c   0x0800175c   0x00000016   Code   RO         2103    i.LCD_Pow           tftlcd.o
    0x08001772   0x08001772   0x00000002   PAD
    0x08001774   0x08001774   0x0000000c   Code   RO         2105    i.LCD_ReadData      tftlcd.o
    0x08001780   0x08001780   0x0000004a   Code   RO         2108    i.LCD_Set_Window    tftlcd.o
    0x080017ca   0x080017ca   0x00000002   PAD
    0x080017cc   0x080017cc   0x00000128   Code   RO         2109    i.LCD_ShowChar      tftlcd.o
    0x080018f4   0x080018f4   0x000000e8   Code   RO         2110    i.LCD_ShowFontHZ    tftlcd.o
    0x080019dc   0x080019dc   0x00000066   Code   RO         2113    i.LCD_ShowString    tftlcd.o
    0x08001a42   0x08001a42   0x000000be   Code   RO         2114    i.LCD_ShowxNum      tftlcd.o
    0x08001b00   0x08001b00   0x0000000c   Code   RO         2115    i.LCD_WriteCmd      tftlcd.o
    0x08001b0c   0x08001b0c   0x0000000c   Code   RO         2117    i.LCD_WriteData     tftlcd.o
    0x08001b18   0x08001b18   0x00000010   Code   RO         2118    i.LCD_WriteData_Color  tftlcd.o
    0x08001b28   0x08001b28   0x0000004c   Code   RO         2028    i.LED_Init          led.o
    0x08001b74   0x08001b74   0x0000003c   Code   RO         2519    i.Lsens_Get_Val     lsens.o
    0x08001bb0   0x08001bb0   0x000000a0   Code   RO         2520    i.Lsens_Init        lsens.o
    0x08001c50   0x08001c50   0x00000004   Code   RO          186    i.MemManage_Handler  stm32f10x_it.o
    0x08001c54   0x08001c54   0x000000d6   Code   RO         2344    i.My_EXTI_Init      exti.o
    0x08001d2a   0x08001d2a   0x00000002   Code   RO          187    i.NMI_Handler       stm32f10x_it.o
    0x08001d2c   0x08001d2c   0x00000070   Code   RO          590    i.NVIC_Init         misc.o
    0x08001d9c   0x08001d9c   0x00000014   Code   RO          591    i.NVIC_PriorityGroupConfig  misc.o
    0x08001db0   0x08001db0   0x00000002   Code   RO          188    i.PendSV_Handler    stm32f10x_it.o
    0x08001db2   0x08001db2   0x00000002   PAD
    0x08001db4   0x08001db4   0x00000018   Code   RO          390    i.RCC_ADCCLKConfig  stm32f10x_rcc.o
    0x08001dcc   0x08001dcc   0x00000020   Code   RO          391    i.RCC_AHBPeriphClockCmd  stm32f10x_rcc.o
    0x08001dec   0x08001dec   0x00000020   Code   RO          392    i.RCC_APB1PeriphClockCmd  stm32f10x_rcc.o
    0x08001e0c   0x08001e0c   0x00000020   Code   RO          394    i.RCC_APB2PeriphClockCmd  stm32f10x_rcc.o
    0x08001e2c   0x08001e2c   0x00000020   Code   RO          395    i.RCC_APB2PeriphResetCmd  stm32f10x_rcc.o
    0x08001e4c   0x08001e4c   0x000000d4   Code   RO          402    i.RCC_GetClocksFreq  stm32f10x_rcc.o
    0x08001f20   0x08001f20   0x00000024   Code   RO         2399    i.RGB_LED_Clear     ws2812.o
    0x08001f44   0x08001f44   0x0000001a   Code   RO         2400    i.RGB_LED_Green     ws2812.o
    0x08001f5e   0x08001f5e   0x00000002   PAD
    0x08001f60   0x08001f60   0x00000038   Code   RO         2401    i.RGB_LED_Init      ws2812.o
    0x08001f98   0x08001f98   0x0000001a   Code   RO         2402    i.RGB_LED_Red       ws2812.o
    0x08001fb2   0x08001fb2   0x00000002   PAD
    0x08001fb4   0x08001fb4   0x00000018   Code   RO         2403    i.RGB_LED_Reset     ws2812.o
    0x08001fcc   0x08001fcc   0x00000070   Code   RO         2404    i.RGB_LED_Write0    ws2812.o
    0x0800203c   0x0800203c   0x00000070   Code   RO         2405    i.RGB_LED_Write1    ws2812.o
    0x080020ac   0x080020ac   0x0000001c   Code   RO         2406    i.RGB_LED_Write_24Bits  ws2812.o
    0x080020c8   0x080020c8   0x00000026   Code   RO         2407    i.RGB_LED_Write_Byte  ws2812.o
    0x080020ee   0x080020ee   0x00000002   Code   RO          189    i.SVC_Handler       stm32f10x_it.o
    0x080020f0   0x080020f0   0x00000008   Code   RO         1984    i.SetSysClock       system_stm32f10x.o
    0x080020f8   0x080020f8   0x000000e0   Code   RO         1985    i.SetSysClockTo72   system_stm32f10x.o
    0x080021d8   0x080021d8   0x00000028   Code   RO          594    i.SysTick_CLKSourceConfig  misc.o
    0x08002200   0x08002200   0x00000002   Code   RO          190    i.SysTick_Handler   stm32f10x_it.o
    0x08002202   0x08002202   0x00000002   PAD
    0x08002204   0x08002204   0x0000003c   Code   RO         2554    i.SysTick_Init      systick.o
    0x08002240   0x08002240   0x00000060   Code   RO         1987    i.SystemInit        system_stm32f10x.o
    0x080022a0   0x080022a0   0x0000007e   Code   RO         2119    i.TFTLCD_FSMC_Init  tftlcd.o
    0x0800231e   0x0800231e   0x00000002   PAD
    0x08002320   0x08002320   0x00000098   Code   RO         2120    i.TFTLCD_GPIO_Init  tftlcd.o
    0x080023b8   0x080023b8   0x00000254   Code   RO         2121    i.TFTLCD_Init       tftlcd.o
    0x0800260c   0x0800260c   0x000000a0   Code   RO         2503    i.TIM3_CH2_PWM_Init  pwm.o
    0x080026ac   0x080026ac   0x00000018   Code   RO          684    i.TIM_ARRPreloadConfig  stm32f10x_tim.o
    0x080026c4   0x080026c4   0x00000018   Code   RO          696    i.TIM_Cmd           stm32f10x_tim.o
    0x080026dc   0x080026dc   0x000000a4   Code   RO          730    i.TIM_OC2Init       stm32f10x_tim.o
    0x08002780   0x08002780   0x0000001a   Code   RO          733    i.TIM_OC2PreloadConfig  stm32f10x_tim.o
    0x0800279a   0x0800279a   0x00000004   Code   RO          758    i.TIM_SetCompare2   stm32f10x_tim.o
    0x0800279e   0x0800279e   0x00000002   PAD
    0x080027a0   0x080027a0   0x000000a4   Code   RO          767    i.TIM_TimeBaseInit  stm32f10x_tim.o
    0x08002844   0x08002844   0x00000088   Code   RO         2583    i.USART1_IRQHandler  usart.o
    0x080028cc   0x080028cc   0x000000b0   Code   RO         2584    i.USART1_Init       usart.o
    0x0800297c   0x0800297c   0x0000007c   Code   RO         3433    i.USART3_IRQHandler  wifi_config.o
    0x080029f8   0x080029f8   0x00000106   Code   RO         3434    i.USART3_printf     wifi_config.o
    0x08002afe   0x08002afe   0x00000012   Code   RO         1228    i.USART_ClearFlag   stm32f10x_usart.o
    0x08002b10   0x08002b10   0x00000018   Code   RO         1232    i.USART_Cmd         stm32f10x_usart.o
    0x08002b28   0x08002b28   0x0000001a   Code   RO         1235    i.USART_GetFlagStatus  stm32f10x_usart.o
    0x08002b42   0x08002b42   0x00000054   Code   RO         1236    i.USART_GetITStatus  stm32f10x_usart.o
    0x08002b96   0x08002b96   0x0000004a   Code   RO         1238    i.USART_ITConfig    stm32f10x_usart.o
    0x08002be0   0x08002be0   0x000000d8   Code   RO         1239    i.USART_Init        stm32f10x_usart.o
    0x08002cb8   0x08002cb8   0x0000000a   Code   RO         1246    i.USART_ReceiveData  stm32f10x_usart.o
    0x08002cc2   0x08002cc2   0x00000008   Code   RO         1249    i.USART_SendData    stm32f10x_usart.o
    0x08002cca   0x08002cca   0x00000004   Code   RO          191    i.UsageFault_Handler  stm32f10x_it.o
    0x08002cce   0x08002cce   0x00000002   PAD
    0x08002cd0   0x08002cd0   0x00000104   Code   RO         3435    i.WiFi_Config       wifi_config.o
    0x08002dd4   0x08002dd4   0x00000020   Code   RO         3890    i.__0printf         mc_w.l(printfa.o)
    0x08002df4   0x08002df4   0x00000030   Code   RO         3891    i.__0snprintf       mc_w.l(printfa.o)
    0x08002e24   0x08002e24   0x00000028   Code   RO         3892    i.__0sprintf        mc_w.l(printfa.o)
    0x08002e4c   0x08002e4c   0x00000050   Code   RO         3923    i.__malloc$realloc  mc_w.l(mallocr.o)
    0x08002e9c   0x08002e9c   0x0000000e   Code   RO         4094    i.__scatterload_copy  mc_w.l(handlers.o)
    0x08002eaa   0x08002eaa   0x00000002   Code   RO         4095    i.__scatterload_null  mc_w.l(handlers.o)
    0x08002eac   0x08002eac   0x0000000e   Code   RO         4096    i.__scatterload_zeroinit  mc_w.l(handlers.o)
    0x08002eba   0x08002eba   0x00000002   PAD
    0x08002ebc   0x08002ebc   0x00000184   Code   RO         3897    i._fp_digits        mc_w.l(printfa.o)
    0x08003040   0x08003040   0x000006dc   Code   RO         3898    i._printf_core      mc_w.l(printfa.o)
    0x0800371c   0x0800371c   0x00000024   Code   RO         3899    i._printf_post_padding  mc_w.l(printfa.o)
    0x08003740   0x08003740   0x0000002e   Code   RO         3900    i._printf_pre_padding  mc_w.l(printfa.o)
    0x0800376e   0x0800376e   0x00000016   Code   RO         3901    i._snputc           mc_w.l(printfa.o)
    0x08003784   0x08003784   0x0000000a   Code   RO         3902    i._sputc            mc_w.l(printfa.o)
    0x0800378e   0x0800378e   0x00000002   PAD
    0x08003790   0x08003790   0x0000004c   Code   RO         2555    i.delay_ms          systick.o
    0x080037dc   0x080037dc   0x0000004c   Code   RO         2556    i.delay_us          systick.o
    0x08003828   0x08003828   0x00000024   Code   RO         2585    i.fputc             usart.o
    0x0800384c   0x0800384c   0x00000050   Code   RO         3924    i.internal_alloc    mc_w.l(mallocr.o)
    0x0800389c   0x0800389c   0x00000062   Code   RO         3436    i.itoa              wifi_config.o
    0x080038fe   0x080038fe   0x00000002   PAD
    0x08003900   0x08003900   0x00000ef0   Code   RO            1    i.main              main.o
    0x080047f0   0x080047f0   0x00000358   Code   RO         3297    i.parse_weather_json  weather.o
    0x08004b48   0x08004b48   0x00005a26   Data   RO         2122    .constdata          tftlcd.o
    0x0800a56e   0x0800a56e   0x00000002   PAD
    0x0800a570   0x0800a570   0x0000017e   Data   RO            2    .conststring        main.o
    0x0800a6ee   0x0800a6ee   0x00000002   PAD
    0x0800a6f0   0x0800a6f0   0x0000008b   Data   RO         3298    .conststring        weather.o
    0x0800a77b   0x0800a77b   0x00000001   PAD
    0x0800a77c   0x0800a77c   0x00000020   Data   RO         4092    Region$$Table       anon$$obj.o


    Execution Region RW_IRAM1 (Exec base: 0x20000000, Load base: 0x0800a79c, Size: 0x0000c540, Max: 0x00010000, ABSOLUTE)

    Exec Addr    Load Addr    Size         Type   Attr      Idx    E Section Name        Object

    0x20000000   0x0800a79c   0x00000028   Data   RW            3    .data               main.o
    0x20000028   0x0800a7c4   0x00000014   Data   RW          422    .data               stm32f10x_rcc.o
    0x2000003c   0x0800a7d8   0x0000000c   Data   RW         2123    .data               tftlcd.o
    0x20000048   0x0800a7e4   0x00000004   Data   RW         2557    .data               systick.o
    0x2000004c   0x0800a7e8   0x00000002   Data   RW         2587    .data               usart.o
    0x2000004e   0x0800a7ea   0x00000018   Data   RW         3299    .data               weather.o
    0x20000066   0x0800a802   0x00000002   PAD
    0x20000068   0x0800a804   0x00000004   Data   RW         3997    .data               mc_w.l(stdout.o)
    0x2000006c   0x0800a808   0x00000004   Data   RW         4008    .data               mc_w.l(mvars.o)
    0x20000070   0x0800a80c   0x00000004   Data   RW         4009    .data               mc_w.l(mvars.o)
    0x20000074        -       0x000000c8   Zero   RW         2586    .bss                usart.o
    0x2000013c        -       0x00000402   Zero   RW         3437    .bss                wifi_config.o
    0x2000053e   0x0800a810   0x00000002   PAD
    0x20000540        -       0x00004000   Zero   RW          269    HEAP                startup_stm32f10x_hd.o
    0x20004540        -       0x00008000   Zero   RW          268    STACK               startup_stm32f10x_hd.o


==============================================================================

Image component sizes


      Code (inc. data)   RO Data    RW Data    ZI Data      Debug   Object Name

       124          6          0          0          0        652   adc_temp.o
        56          6          0          0          0        544   beep.o
       422         32          0          0          0       4200   dht11.o
       374         24          0          0          0       2823   exti.o
        60          8          0          0          0        547   key.o
        76          8          0          0          0        555   led.o
       272         16          0          0          0       1880   lsens.o
      3824        784        382         40          0     280175   main.o
       172         22          0          0          0       2497   misc.o
       160         14          0          0          0        804   pwm.o
        36          8        304          0      49152        884   startup_stm32f10x_hd.o
       522         30          0          0          0      10517   stm32f10x_adc.o
       200         18          0          0          0       2548   stm32f10x_exti.o
       282          6          0          0          0       2149   stm32f10x_fsmc.o
       494         10          0          0          0       5136   stm32f10x_gpio.o
        26          0          0          0          0       4422   stm32f10x_it.o
       364         50          0         20          0       6974   stm32f10x_rcc.o
       406         52          0          0          0       4911   stm32f10x_tim.o
       460          6          0          0          0       7695   stm32f10x_usart.o
       328         28          0          0          0       2217   system_stm32f10x.o
       212         16          0          4          0       1997   systick.o
      2014        112      23078         12          0      14164   tftlcd.o
       348         28          0          2        200       2684   usart.o
      1620        926        139         24          0       3014   weather.o
       744         28          0          0       1026       5567   wifi_config.o
       776        288          0          0          0       7264   wifi_function.o
       458         20          0          0          0       5347   ws2812.o

    ----------------------------------------------------------------------
     14864       2546      23940        104      50380     382167   Object Totals
         0          0         32          0          0          0   (incl. Generated)
        34          0          5          2          2          0   (incl. Padding)

    ----------------------------------------------------------------------

      Code (inc. data)   RO Data    RW Data    ZI Data      Debug   Library Member Name

         0          0          0          0          0          0   entry.o
         0          0          0          0          0          0   entry10a.o
         0          0          0          0          0          0   entry11a.o
         8          4          0          0          0          0   entry2.o
         4          0          0          0          0          0   entry5.o
         0          0          0          0          0          0   entry7b.o
         0          0          0          0          0          0   entry8b.o
         8          4          0          0          0          0   entry9a.o
        30          0          0          0          0          0   handlers.o
        36          8          0          0          0         68   init.o
         0          0          0          0          0          0   iusefp.o
        30          0          0          0          0         68   llshl.o
        36          0          0          0          0         68   llsshr.o
        32          0          0          0          0         68   llushr.o
       160         20          0          0          0        172   mallocr.o
        36          0          0          0          0         68   memcpya.o
        36          0          0          0          0        108   memseta.o
         0          0          0          8          0          0   mvars.o
      2378        100          0          0          0        756   printfa.o
         0          0          0          4          0          0   stdout.o
        20          0          0          0          0         68   strchr.o
        14          0          0          0          0         68   strlen.o
        24          0          0          0          0         76   strncpy.o
        36          0          0          0          0         80   strstr.o
        44          0          0          0          0         80   uidiv.o
        98          0          0          0          0         92   uldiv.o
        48          0          0          0          0         68   cdrcmple.o
       334          0          0          0          0        148   dadd.o
       222          0          0          0          0        100   ddiv.o
       186          0          0          0          0        176   depilogue.o
        48          0          0          0          0         68   dfixul.o
       228          0          0          0          0         96   dmul.o

    ----------------------------------------------------------------------
      4104        136          0         12          0       2496   Library Totals
         8          0          0          0          0          0   (incl. Padding)

    ----------------------------------------------------------------------

      Code (inc. data)   RO Data    RW Data    ZI Data      Debug   Library Name

      3030        136          0         12          0       1840   mc_w.l
      1066          0          0          0          0        656   mf_w.l

    ----------------------------------------------------------------------
      4104        136          0         12          0       2496   Library Totals

    ----------------------------------------------------------------------

==============================================================================


      Code (inc. data)   RO Data    RW Data    ZI Data      Debug   

     18968       2682      23940        116      50380     377327   Grand Totals
     18968       2682      23940        116      50380     377327   ELF Image Totals
     18968       2682      23940        116          0          0   ROM Totals

==============================================================================

    Total RO  Size (Code + RO Data)                42908 (  41.90kB)
    Total RW  Size (RW Data + ZI Data)             50496 (  49.31kB)
    Total ROM Size (Code + RO Data + RW Data)      43024 (  42.02kB)

==============================================================================

