<html>
<body>
<pre>
<h1>礦ision Build Log</h1>
<h2>Tool Versions:</h2>
IDE-Version: μVision V5.24.2.0
Copyright (C) 2017 ARM Ltd and ARM Germany GmbH. All rights reserved.
License Information: 1 1135679989@qq.com, 1, LIC=BUURY-I0DYI-UHW8H-W7MLY-MG399-0Y7GB
 
Tool Versions:
Toolchain:       MDK-ARM Plus  Version: 5.24.1
Toolchain Path:  E:\STM32_Tools\Keil5\ARM\ARMCC\Bin
C Compiler:      Armcc.exe V5.06 update 5 (build 528)
Assembler:       Armasm.exe V5.06 update 5 (build 528)
Linker/Locator:  ArmLink.exe V5.06 update 5 (build 528)
Library Manager: ArmAr.exe V5.06 update 5 (build 528)
Hex Converter:   FromElf.exe V5.06 update 5 (build 528)
CPU DLL:         SARMCM3.DLL V5.24.1
Dialog DLL:      DCM.DLL V1.16.0.0
Target DLL:      CMSIS_AGDI.dll V1.28.3.0
Dialog DLL:      TCM.DLL V1.32.0.0
 
<h2>Project:</h2>
D:\BAA-Study\大三\嵌入式开发\test\9温湿光照-小程序-蜂鸣器 -RGB-整点报时-风扇-数据库-阈值 - 副本 - 副本\Template.uvprojx
Project File Date:  12/10/2024

<h2>Output:</h2>
*** Using Compiler 'V5.06 update 5 (build 528)', folder: 'E:\STM32_Tools\Keil5\ARM\ARMCC\Bin'
Rebuild target 'Target 1'
assembling startup_stm32f10x_hd.s...
compiling stm32f10x_it.c...
compiling stm32f10x_gpio.c...
compiling main.c...
.\Public\weather.h(13): warning:  #1295-D: Deprecated declaration Get_Weather - give arg types
  void Get_Weather();
.\Public\weather.h(17): warning:  #1-D: last line of file ends without a newline
  #endif
.\Public\aliyun.h(7): warning:  #1295-D: Deprecated declaration connect_config - give arg types
  void connect_config();
.\Public\aliyun.h(9): warning:  #1-D: last line of file ends without a newline
  #endif
User\main.c(144): warning:  #513-D: a value of type "char *" cannot be assigned to an entity of type "u8 *"
  				p4 = strchr(strEsp8266_Fram_Record .Data_RX_BUF,'&');
User\main.c(152): warning:  #513-D: a value of type "char *" cannot be assigned to an entity of type "u8 *"
  				p4 = strchr(strEsp8266_Fram_Record .Data_RX_BUF,'*');
User\main.c(187): warning:  #513-D: a value of type "char *" cannot be assigned to an entity of type "u8 *"
  				p4 = strchr(strEsp8266_Fram_Record .Data_RX_BUF,'&');
User\main.c(195): warning:  #513-D: a value of type "char *" cannot be assigned to an entity of type "u8 *"
  				p4 = strchr(strEsp8266_Fram_Record .Data_RX_BUF,'*');
User\main.c(245): warning:  #513-D: a value of type "char *" cannot be assigned to an entity of type "u8 *"
  				p4 = strchr(strEsp8266_Fram_Record .Data_RX_BUF,'&');
User\main.c(253): warning:  #513-D: a value of type "char *" cannot be assigned to an entity of type "u8 *"
  				p4 = strchr(strEsp8266_Fram_Record .Data_RX_BUF,'*');
User\main.c(264): warning:  #186-D: pointless comparison of unsigned integer with zero
  			if(temp>=0)
User\main.c(268): warning:  #192-D: unrecognized character escape sequence
  				sprintf (cCmd,"AT+MQTTPUB=0,\"%s\",\"{\\\"Temp\\\":%d\\\,\\\"Wet\\\":%d\\\,\\\"Lsens\\\":%d}\",1,0",Topic,temp,humi,lsens_value);
User\main.c(268): warning:  #192-D: unrecognized character escape sequence
  				sprintf (cCmd,"AT+MQTTPUB=0,\"%s\",\"{\\\"Temp\\\":%d\\\,\\\"Wet\\\":%d\\\,\\\"Lsens\\\":%d}\",1,0",Topic,temp,humi,lsens_value);
User\main.c(290): warning:  #513-D: a value of type "char *" cannot be assigned to an entity of type "u8 *"
  				p4 = strchr(strEsp8266_Fram_Record .Data_RX_BUF,'&');
User\main.c(298): warning:  #513-D: a value of type "char *" cannot be assigned to an entity of type "u8 *"
  				p4 = strchr(strEsp8266_Fram_Record .Data_RX_BUF,'*');
User\main.c(358): warning:  #513-D: a value of type "char *" cannot be assigned to an entity of type "u8 *"
  				p4 = strchr(strEsp8266_Fram_Record .Data_RX_BUF,'&');
User\main.c(366): warning:  #513-D: a value of type "char *" cannot be assigned to an entity of type "u8 *"
  				p4 = strchr(strEsp8266_Fram_Record .Data_RX_BUF,'*');
User\main.c(394): warning:  #174-D: expression has no effect
  				ledtime == 0;
User\main.c(418): warning:  #513-D: a value of type "char *" cannot be assigned to an entity of type "u8 *"
  				p4 = strchr(strEsp8266_Fram_Record .Data_RX_BUF,'&');
User\main.c(426): warning:  #513-D: a value of type "char *" cannot be assigned to an entity of type "u8 *"
  				p4 = strchr(strEsp8266_Fram_Record .Data_RX_BUF,'*');
User\main.c(436): warning:  #513-D: a value of type "char *" cannot be assigned to an entity of type "u8 *"
  			p1 = strchr(strEsp8266_Fram_Record .Data_RX_BUF,':');
User\main.c(437): warning:  #513-D: a value of type "char *" cannot be assigned to an entity of type "u8 *"
  			p2 = strstr(strEsp8266_Fram_Record .Data_RX_BUF,"OK");
User\main.c(440): warning:  #167-D: argument of type "u8 *" is incompatible with parameter of type "const char *"
  			p3=strchr(p1+1,':');
User\main.c(440): warning:  #513-D: a value of type "char *" cannot be assigned to an entity of type "u8 *"
  			p3=strchr(p1+1,':');
User\main.c(481): warning:  #513-D: a value of type "char *" cannot be assigned to an entity of type "u8 *"
  				p4 = strchr(strEsp8266_Fram_Record .Data_RX_BUF,'&');
User\main.c(489): warning:  #513-D: a value of type "char *" cannot be assigned to an entity of type "u8 *"
  				p4 = strchr(strEsp8266_Fram_Record .Data_RX_BUF,'*');
User\main.c(511): warning:  #513-D: a value of type "char *" cannot be assigned to an entity of type "u8 *"
  				p4 = strchr(strEsp8266_Fram_Record .Data_RX_BUF,'&');
User\main.c(519): warning:  #513-D: a value of type "char *" cannot be assigned to an entity of type "u8 *"
  				p4 = strchr(strEsp8266_Fram_Record .Data_RX_BUF,'*');
User\main.c(50): warning:  #177-D: variable "pwm_value"  was declared but never referenced
  	int pwm_value = 0,pwm_flag=0; //电机
User\main.c(50): warning:  #177-D: variable "pwm_flag"  was declared but never referenced
  	int pwm_value = 0,pwm_flag=0; //电机
User\main.c(57): warning:  #177-D: variable "flagtime"  was declared but never referenced
  	int flagtime = 0;  //整点报时
User\main.c(58): warning:  #177-D: variable "i"  was declared but never referenced
  	u8 i=0;
User\main.c: 32 warnings, 0 errors
compiling misc.c...
compiling stm32f10x_iwdg.c...
compiling stm32f10x_tim.c...
compiling stm32f10x_usart.c...
compiling stm32f10x_exti.c...
compiling stm32f10x_fsmc.c...
compiling stm32f10x_pwr.c...
compiling stm32f10x_bkp.c...
compiling stm32f10x_rcc.c...
compiling stm32f10x_adc.c...
compiling stm32f10x_wwdg.c...
compiling system_stm32f10x.c...
compiling led.c...
compiling core_cm3.c...
compiling adc_temp.c...
compiling key.c...
compiling dht11.c...
compiling beep.c...
compiling exti.c...
compiling tftlcd.c...
APP\tftlcd\tftlcd.c(1116): warning:  #177-D: variable "g"  was declared but never referenced
   	u16 r=0,g=0,b=0;
APP\tftlcd\tftlcd.c(1116): warning:  #177-D: variable "b"  was declared but never referenced
   	u16 r=0,g=0,b=0;
APP\tftlcd\tftlcd.c(1117): warning:  #177-D: variable "r1"  was declared but never referenced
  	u16 r1,r2,r3;
APP\tftlcd\tftlcd.c(1117): warning:  #177-D: variable "r2"  was declared but never referenced
  	u16 r1,r2,r3;
APP\tftlcd\tftlcd.c(1117): warning:  #177-D: variable "r3"  was declared but never referenced
  	u16 r1,r2,r3;
APP\tftlcd\tftlcd.c(1118): warning:  #177-D: variable "value"  was declared but never referenced
  	u32 value;
APP\tftlcd\tftlcd.c(4238): warning:  #550-D: variable "num"  was set but never used
  	long tmp=0,num=0;
APP\tftlcd\tftlcd.c: 7 warnings, 0 errors
compiling pwm.c...
compiling lsens.c...
compiling ws2812.c...
compiling system.c...
compiling SysTick.c...
compiling usart.c...
compiling cJSON.c...
compiling weather.c...
Public\weather.h(13): warning:  #1295-D: Deprecated declaration Get_Weather - give arg types
  void Get_Weather();
Public\weather.h(17): warning:  #1-D: last line of file ends without a newline
  #endif
Public\weather.c(207): warning:  #1-D: last line of file ends without a newline
  }
Public\weather.c: 3 warnings, 0 errors
compiling time.c...
compiling wifi_config.c...
compiling aliyun.c...
Public\weather.h(13): warning:  #1295-D: Deprecated declaration Get_Weather - give arg types
  void Get_Weather();
Public\weather.h(17): warning:  #1-D: last line of file ends without a newline
  #endif
Public\aliyun.h(7): warning:  #1295-D: Deprecated declaration connect_config - give arg types
  void connect_config();
Public\aliyun.h(9): warning:  #1-D: last line of file ends without a newline
  #endif
Public\aliyun.c(64): warning:  #1-D: last line of file ends without a newline
  }
Public\aliyun.c: 5 warnings, 0 errors
compiling wifi_function.c...
APP\esp8266\wifi_function.c(404): warning:  #177-D: variable "p1"  was declared but never referenced
  	u8 *p1;
APP\esp8266\wifi_function.c(405): warning:  #177-D: variable "p2"  was declared but never referenced
  	u8 *p2;
APP\esp8266\wifi_function.c: 2 warnings, 0 errors
linking...
Program Size: Code=18968 RO-data=23940 RW-data=116 ZI-data=50380  
FromELF: creating hex file...
".\Obj\Template.axf" - 0 Error(s), 49 Warning(s).

<h2>Software Packages used:</h2>

Package Vendor: Keil
                http://www.keil.com/pack/Keil.STM32F1xx_DFP.2.2.0.pack
                Keil.STM32F1xx_DFP.2.2.0
                STMicroelectronics STM32F1 Series Device Support, Drivers and Examples

<h2>Collection of Component include folders:</h2>
  .\RTE\_Target_1
  E:\STM32_Tools\Keil5\ARM\PACK\Keil\STM32F1xx_DFP\2.2.0\Device\Include

<h2>Collection of Component Files used:</h2>
Build Time Elapsed:  00:00:06
</pre>
</body>
</html>
